Component: Arm Compiler for Embedded 6.19 Tool: armlink [5e73cb00]

==============================================================================

Section Cross References

    startup_stm32f401xe.o(STACK) refers (Special) to heapauxi.o(.text) for __use_two_region_memory
    startup_stm32f401xe.o(HEAP) refers (Special) to heapauxi.o(.text) for __use_two_region_memory
    startup_stm32f401xe.o(RESET) refers (Special) to heapauxi.o(.text) for __use_two_region_memory
    startup_stm32f401xe.o(RESET) refers to startup_stm32f401xe.o(STACK) for __initial_sp
    startup_stm32f401xe.o(RESET) refers to startup_stm32f401xe.o(.text) for Reset_Handler
    startup_stm32f401xe.o(RESET) refers to stm32f4xx_it.o(.text.NMI_Handler) for NMI_Handler
    startup_stm32f401xe.o(RESET) refers to stm32f4xx_it.o(.text.HardFault_Handler) for HardFault_Handler
    startup_stm32f401xe.o(RESET) refers to stm32f4xx_it.o(.text.MemManage_Handler) for MemManage_Handler
    startup_stm32f401xe.o(RESET) refers to stm32f4xx_it.o(.text.BusFault_Handler) for BusFault_Handler
    startup_stm32f401xe.o(RESET) refers to stm32f4xx_it.o(.text.UsageFault_Handler) for UsageFault_Handler
    startup_stm32f401xe.o(RESET) refers to stm32f4xx_it.o(.text.SVC_Handler) for SVC_Handler
    startup_stm32f401xe.o(RESET) refers to stm32f4xx_it.o(.text.DebugMon_Handler) for DebugMon_Handler
    startup_stm32f401xe.o(RESET) refers to stm32f4xx_it.o(.text.PendSV_Handler) for PendSV_Handler
    startup_stm32f401xe.o(RESET) refers to stm32f4xx_it.o(.text.SysTick_Handler) for SysTick_Handler
    startup_stm32f401xe.o(.text) refers (Special) to heapauxi.o(.text) for __use_two_region_memory
    startup_stm32f401xe.o(.text) refers to system_stm32f4xx.o(.text.SystemInit) for SystemInit
    startup_stm32f401xe.o(.text) refers to __main.o(!!!main) for __main
    startup_stm32f401xe.o(.text) refers to startup_stm32f401xe.o(HEAP) for Heap_Mem
    startup_stm32f401xe.o(.text) refers to startup_stm32f401xe.o(STACK) for Stack_Mem
    lcd.o(.text.LCD_Delay_us) refers to stm32f4xx_hal.o(.text.HAL_GetTick) for HAL_GetTick
    lcd.o(.ARM.exidx.text.LCD_Delay_us) refers to lcd.o(.text.LCD_Delay_us) for [Anonymous Symbol]
    lcd.o(.text.LCD_Delay_ms) refers to stm32f4xx_hal.o(.text.HAL_Delay) for HAL_Delay
    lcd.o(.ARM.exidx.text.LCD_Delay_ms) refers to lcd.o(.text.LCD_Delay_ms) for [Anonymous Symbol]
    lcd.o(.text.LCD_Init) refers to stm32f4xx_hal_gpio.o(.text.HAL_GPIO_Init) for HAL_GPIO_Init
    lcd.o(.text.LCD_Init) refers to stm32f4xx_hal.o(.text.HAL_GetTick) for HAL_GetTick
    lcd.o(.text.LCD_Init) refers to stm32f4xx_hal.o(.text.HAL_Delay) for HAL_Delay
    lcd.o(.text.LCD_Init) refers to lcd.o(.bss..L_MergedGlobals) for .L_MergedGlobals
    lcd.o(.text.LCD_Init) refers to lcd.o(.text.LCD_Cmd4bit) for LCD_Cmd4bit
    lcd.o(.text.LCD_Init) refers to stm32f4xx_hal_gpio.o(.text.HAL_GPIO_WritePin) for HAL_GPIO_WritePin
    lcd.o(.ARM.exidx.text.LCD_Init) refers to lcd.o(.text.LCD_Init) for [Anonymous Symbol]
    lcd.o(.text.LCD_Cmd4bit) refers to stm32f4xx_hal_gpio.o(.text.HAL_GPIO_WritePin) for HAL_GPIO_WritePin
    lcd.o(.text.LCD_Cmd4bit) refers to stm32f4xx_hal.o(.text.HAL_GetTick) for HAL_GetTick
    lcd.o(.ARM.exidx.text.LCD_Cmd4bit) refers to lcd.o(.text.LCD_Cmd4bit) for [Anonymous Symbol]
    lcd.o(.text.LCD_DisplayOn) refers to lcd.o(.bss..L_MergedGlobals) for .L_MergedGlobals
    lcd.o(.text.LCD_DisplayOn) refers to stm32f4xx_hal_gpio.o(.text.HAL_GPIO_WritePin) for HAL_GPIO_WritePin
    lcd.o(.text.LCD_DisplayOn) refers to lcd.o(.text.LCD_Cmd4bit) for LCD_Cmd4bit
    lcd.o(.ARM.exidx.text.LCD_DisplayOn) refers to lcd.o(.text.LCD_DisplayOn) for [Anonymous Symbol]
    lcd.o(.text.LCD_Clear) refers to stm32f4xx_hal_gpio.o(.text.HAL_GPIO_WritePin) for HAL_GPIO_WritePin
    lcd.o(.text.LCD_Clear) refers to lcd.o(.text.LCD_Cmd4bit) for LCD_Cmd4bit
    lcd.o(.text.LCD_Clear) refers to stm32f4xx_hal.o(.text.HAL_Delay) for HAL_Delay
    lcd.o(.ARM.exidx.text.LCD_Clear) refers to lcd.o(.text.LCD_Clear) for [Anonymous Symbol]
    lcd.o(.text.LCD_Puts) refers to lcd.o(.bss..L_MergedGlobals) for .L_MergedGlobals
    lcd.o(.text.LCD_Puts) refers to lcd.o(.rodata.cst4) for .L__const.LCD_CursorSet.row_offsets
    lcd.o(.text.LCD_Puts) refers to stm32f4xx_hal_gpio.o(.text.HAL_GPIO_WritePin) for HAL_GPIO_WritePin
    lcd.o(.text.LCD_Puts) refers to lcd.o(.text.LCD_Cmd4bit) for LCD_Cmd4bit
    lcd.o(.ARM.exidx.text.LCD_Puts) refers to lcd.o(.text.LCD_Puts) for [Anonymous Symbol]
    lcd.o(.text.LCD_DisplayOff) refers to lcd.o(.bss..L_MergedGlobals) for .L_MergedGlobals
    lcd.o(.text.LCD_DisplayOff) refers to stm32f4xx_hal_gpio.o(.text.HAL_GPIO_WritePin) for HAL_GPIO_WritePin
    lcd.o(.text.LCD_DisplayOff) refers to lcd.o(.text.LCD_Cmd4bit) for LCD_Cmd4bit
    lcd.o(.ARM.exidx.text.LCD_DisplayOff) refers to lcd.o(.text.LCD_DisplayOff) for [Anonymous Symbol]
    lcd.o(.text.LCD_BlinkOn) refers to lcd.o(.bss..L_MergedGlobals) for .L_MergedGlobals
[...]
    Removing stm32f4xx_hal.o(.text.HAL_ResumeTick), (18 bytes).
    Removing stm32f4xx_hal.o(.ARM.exidx.text.HAL_ResumeTick), (8 bytes).
    Removing stm32f4xx_hal.o(.text.HAL_GetHalVersion), (10 bytes).
    Removing stm32f4xx_hal.o(.ARM.exidx.text.HAL_GetHalVersion), (8 bytes).
    Removing stm32f4xx_hal.o(.text.HAL_GetREVID), (14 bytes).
    Removing stm32f4xx_hal.o(.ARM.exidx.text.HAL_GetREVID), (8 bytes).
    Removing stm32f4xx_hal.o(.text.HAL_GetDEVID), (16 bytes).
    Removing stm32f4xx_hal.o(.ARM.exidx.text.HAL_GetDEVID), (8 bytes).
    Removing stm32f4xx_hal.o(.text.HAL_DBGMCU_EnableDBGSleepMode), (18 bytes).
    Removing stm32f4xx_hal.o(.ARM.exidx.text.HAL_DBGMCU_EnableDBGSleepMode), (8 bytes).
    Removing stm32f4xx_hal.o(.text.HAL_DBGMCU_DisableDBGSleepMode), (18 bytes).
    Removing stm32f4xx_hal.o(.ARM.exidx.text.HAL_DBGMCU_DisableDBGSleepMode), (8 bytes).
    Removing stm32f4xx_hal.o(.text.HAL_DBGMCU_EnableDBGStopMode), (18 bytes).
    Removing stm32f4xx_hal.o(.ARM.exidx.text.HAL_DBGMCU_EnableDBGStopMode), (8 bytes).
    Removing stm32f4xx_hal.o(.text.HAL_DBGMCU_DisableDBGStopMode), (18 bytes).
    Removing stm32f4xx_hal.o(.ARM.exidx.text.HAL_DBGMCU_DisableDBGStopMode), (8 bytes).
    Removing stm32f4xx_hal.o(.text.HAL_DBGMCU_EnableDBGStandbyMode), (18 bytes).
    Removing stm32f4xx_hal.o(.ARM.exidx.text.HAL_DBGMCU_EnableDBGStandbyMode), (8 bytes).
    Removing stm32f4xx_hal.o(.text.HAL_DBGMCU_DisableDBGStandbyMode), (18 bytes).
    Removing stm32f4xx_hal.o(.ARM.exidx.text.HAL_DBGMCU_DisableDBGStandbyMode), (8 bytes).
    Removing stm32f4xx_hal.o(.text.HAL_EnableCompensationCell), (14 bytes).
    Removing stm32f4xx_hal.o(.ARM.exidx.text.HAL_EnableCompensationCell), (8 bytes).
    Removing stm32f4xx_hal.o(.text.HAL_DisableCompensationCell), (14 bytes).
    Removing stm32f4xx_hal.o(.ARM.exidx.text.HAL_DisableCompensationCell), (8 bytes).
    Removing stm32f4xx_hal.o(.text.HAL_GetUIDw0), (12 bytes).
    Removing stm32f4xx_hal.o(.ARM.exidx.text.HAL_GetUIDw0), (8 bytes).
    Removing stm32f4xx_hal.o(.text.HAL_GetUIDw1), (12 bytes).
    Removing stm32f4xx_hal.o(.ARM.exidx.text.HAL_GetUIDw1), (8 bytes).
    Removing stm32f4xx_hal.o(.text.HAL_GetUIDw2), (12 bytes).
    Removing stm32f4xx_hal.o(.ARM.exidx.text.HAL_GetUIDw2), (8 bytes).
    Removing stm32f4xx_hal_exti.o(.text), (0 bytes).
    Removing stm32f4xx_hal_exti.o(.text.HAL_EXTI_SetConfigLine), (180 bytes).
    Removing stm32f4xx_hal_exti.o(.ARM.exidx.text.HAL_EXTI_SetConfigLine), (8 bytes).
    Removing stm32f4xx_hal_exti.o(.text.HAL_EXTI_GetConfigLine), (152 bytes).
    Removing stm32f4xx_hal_exti.o(.ARM.exidx.text.HAL_EXTI_GetConfigLine), (8 bytes).
    Removing stm32f4xx_hal_exti.o(.text.HAL_EXTI_ClearConfigLine), (136 bytes).
    Removing stm32f4xx_hal_exti.o(.ARM.exidx.text.HAL_EXTI_ClearConfigLine), (8 bytes).
    Removing stm32f4xx_hal_exti.o(.text.HAL_EXTI_RegisterCallback), (12 bytes).
    Removing stm32f4xx_hal_exti.o(.ARM.exidx.text.HAL_EXTI_RegisterCallback), (8 bytes).
    Removing stm32f4xx_hal_exti.o(.text.HAL_EXTI_GetHandle), (12 bytes).
    Removing stm32f4xx_hal_exti.o(.ARM.exidx.text.HAL_EXTI_GetHandle), (8 bytes).
    Removing stm32f4xx_hal_exti.o(.text.HAL_EXTI_IRQHandler), (42 bytes).
    Removing stm32f4xx_hal_exti.o(.ARM.exidx.text.HAL_EXTI_IRQHandler), (8 bytes).
    Removing stm32f4xx_hal_exti.o(.text.HAL_EXTI_GetPending), (28 bytes).
    Removing stm32f4xx_hal_exti.o(.ARM.exidx.text.HAL_EXTI_GetPending), (8 bytes).
    Removing stm32f4xx_hal_exti.o(.text.HAL_EXTI_ClearPending), (24 bytes).
    Removing stm32f4xx_hal_exti.o(.ARM.exidx.text.HAL_EXTI_ClearPending), (8 bytes).
    Removing stm32f4xx_hal_exti.o(.text.HAL_EXTI_GenerateSWI), (24 bytes).
    Removing stm32f4xx_hal_exti.o(.ARM.exidx.text.HAL_EXTI_GenerateSWI), (8 bytes).
    Removing stm32f4xx_hal_spi.o(.text), (0 bytes).
    Removing stm32f4xx_hal_spi.o(.ARM.exidx.text.HAL_SPI_Init), (8 bytes).
    Removing stm32f4xx_hal_spi.o(.text.HAL_SPI_MspInit), (2 bytes).
    Removing stm32f4xx_hal_spi.o(.ARM.exidx.text.HAL_SPI_MspInit), (8 bytes).
    Removing stm32f4xx_hal_spi.o(.text.HAL_SPI_DeInit), (48 bytes).
    Removing stm32f4xx_hal_spi.o(.ARM.exidx.text.HAL_SPI_DeInit), (8 bytes).
    Removing stm32f4xx_hal_spi.o(.text.HAL_SPI_MspDeInit), (2 bytes).
    Removing stm32f4xx_hal_spi.o(.ARM.exidx.text.HAL_SPI_MspDeInit), (8 bytes).
    Removing stm32f4xx_hal_spi.o(.ARM.exidx.text.HAL_SPI_Transmit), (8 bytes).
    Removing stm32f4xx_hal_spi.o(.text.HAL_SPI_Receive), (498 bytes).
    Removing stm32f4xx_hal_spi.o(.ARM.exidx.text.HAL_SPI_Receive), (8 bytes).
    Removing stm32f4xx_hal_spi.o(.text.HAL_SPI_TransmitReceive), (792 bytes).
    Removing stm32f4xx_hal_spi.o(.ARM.exidx.text.HAL_SPI_TransmitReceive), (8 bytes).
    Removing stm32f4xx_hal_spi.o(.text.HAL_SPI_Transmit_IT), (168 bytes).
    Removing stm32f4xx_hal_spi.o(.ARM.exidx.text.HAL_SPI_Transmit_IT), (8 bytes).
    Removing stm32f4xx_hal_spi.o(.text.SPI_TxISR_16BIT), (30 bytes).
    Removing stm32f4xx_hal_spi.o(.ARM.exidx.text.SPI_TxISR_16BIT), (8 bytes).
    Removing stm32f4xx_hal_spi.o(.text.SPI_TxISR_8BIT), (32 bytes).
    Removing stm32f4xx_hal_spi.o(.ARM.exidx.text.SPI_TxISR_8BIT), (8 bytes).
    Removing stm32f4xx_hal_spi.o(.text.HAL_SPI_Receive_IT), (330 bytes).
    Removing stm32f4xx_hal_spi.o(.ARM.exidx.text.HAL_SPI_Receive_IT), (8 bytes).
    Removing stm32f4xx_hal_spi.o(.text.HAL_SPI_TransmitReceive_IT), (222 bytes).
    Removing stm32f4xx_hal_spi.o(.ARM.exidx.text.HAL_SPI_TransmitReceive_IT), (8 bytes).
    Removing stm32f4xx_hal_spi.o(.text.SPI_RxISR_16BIT), (30 bytes).
    Removing stm32f4xx_hal_spi.o(.ARM.exidx.text.SPI_RxISR_16BIT), (8 bytes).
    Removing stm32f4xx_hal_spi.o(.text.SPI_RxISR_8BIT), (32 bytes).
    Removing stm32f4xx_hal_spi.o(.ARM.exidx.text.SPI_RxISR_8BIT), (8 bytes).
    Removing stm32f4xx_hal_spi.o(.text.SPI_2linesRxISR_16BIT), (46 bytes).
    Removing stm32f4xx_hal_spi.o(.ARM.exidx.text.SPI_2linesRxISR_16BIT), (8 bytes).
    Removing stm32f4xx_hal_spi.o(.text.SPI_2linesTxISR_16BIT), (46 bytes).
    Removing stm32f4xx_hal_spi.o(.ARM.exidx.text.SPI_2linesTxISR_16BIT), (8 bytes).
    Removing stm32f4xx_hal_spi.o(.text.SPI_2linesRxISR_8BIT), (50 bytes).
    Removing stm32f4xx_hal_spi.o(.ARM.exidx.text.SPI_2linesRxISR_8BIT), (8 bytes).
    Removing stm32f4xx_hal_spi.o(.text.SPI_2linesTxISR_8BIT), (50 bytes).
    Removing stm32f4xx_hal_spi.o(.ARM.exidx.text.SPI_2linesTxISR_8BIT), (8 bytes).
    Removing stm32f4xx_hal_spi.o(.text.HAL_SPI_Transmit_DMA), (234 bytes).
    Removing stm32f4xx_hal_spi.o(.ARM.exidx.text.HAL_SPI_Transmit_DMA), (8 bytes).
    Removing stm32f4xx_hal_spi.o(.text.SPI_DMAHalfTransmitCplt), (6 bytes).
    Removing stm32f4xx_hal_spi.o(.ARM.exidx.text.SPI_DMAHalfTransmitCplt), (8 bytes).
    Removing stm32f4xx_hal_spi.o(.text.SPI_DMATransmitCplt), (244 bytes).
    Removing stm32f4xx_hal_spi.o(.ARM.exidx.text.SPI_DMATransmitCplt), (8 bytes).
    Removing stm32f4xx_hal_spi.o(.text.SPI_DMAError), (30 bytes).
    Removing stm32f4xx_hal_spi.o(.ARM.exidx.text.SPI_DMAError), (8 bytes).
    Removing stm32f4xx_hal_spi.o(.text.HAL_SPI_Receive_DMA), (274 bytes).
    Removing stm32f4xx_hal_spi.o(.ARM.exidx.text.HAL_SPI_Receive_DMA), (8 bytes).
    Removing stm32f4xx_hal_spi.o(.text.HAL_SPI_TransmitReceive_DMA), (302 bytes).
    Removing stm32f4xx_hal_spi.o(.ARM.exidx.text.HAL_SPI_TransmitReceive_DMA), (8 bytes).
    Removing stm32f4xx_hal_spi.o(.text.SPI_DMAHalfReceiveCplt), (6 bytes).
    Removing stm32f4xx_hal_spi.o(.ARM.exidx.text.SPI_DMAHalfReceiveCplt), (8 bytes).
    Removing stm32f4xx_hal_spi.o(.text.SPI_DMAReceiveCplt), (172 bytes).
    Removing stm32f4xx_hal_spi.o(.ARM.exidx.text.SPI_DMAReceiveCplt), (8 bytes).
    Removing stm32f4xx_hal_spi.o(.text.SPI_DMAHalfTransmitReceiveCplt), (6 bytes).
    Removing stm32f4xx_hal_spi.o(.ARM.exidx.text.SPI_DMAHalfTransmitReceiveCplt), (8 bytes).
    Removing stm32f4xx_hal_spi.o(.text.SPI_DMATransmitReceiveCplt), (228 bytes).
    Removing stm32f4xx_hal_spi.o(.ARM.exidx.text.SPI_DMATransmitReceiveCplt), (8 bytes).
    Removing stm32f4xx_hal_spi.o(.text.HAL_SPI_Abort), (480 bytes).
    Removing stm32f4xx_hal_spi.o(.ARM.exidx.text.HAL_SPI_Abort), (8 bytes).
    Removing stm32f4xx_hal_spi.o(.text.SPI_AbortTx_ISR), (26 bytes).
    Removing stm32f4xx_hal_spi.o(.ARM.exidx.text.SPI_AbortTx_ISR), (8 bytes).
    Removing stm32f4xx_hal_spi.o(.text.SPI_AbortRx_ISR), (154 bytes).
    Removing stm32f4xx_hal_spi.o(.ARM.exidx.text.SPI_AbortRx_ISR), (8 bytes).
    Removing stm32f4xx_hal_spi.o(.text.HAL_SPI_Abort_IT), (446 bytes).
    Removing stm32f4xx_hal_spi.o(.ARM.exidx.text.HAL_SPI_Abort_IT), (8 bytes).
    Removing stm32f4xx_hal_spi.o(.text.SPI_DMATxAbortCallback), (186 bytes).
    Removing stm32f4xx_hal_spi.o(.ARM.exidx.text.SPI_DMATxAbortCallback), (8 bytes).
    Removing stm32f4xx_hal_spi.o(.text.SPI_DMARxAbortCallback), (258 bytes).
    Removing stm32f4xx_hal_spi.o(.ARM.exidx.text.SPI_DMARxAbortCallback), (8 bytes).
    Removing stm32f4xx_hal_spi.o(.text.HAL_SPI_AbortCpltCallback), (2 bytes).
    Removing stm32f4xx_hal_spi.o(.ARM.exidx.text.HAL_SPI_AbortCpltCallback), (8 bytes).
    Removing stm32f4xx_hal_spi.o(.text.HAL_SPI_DMAPause), (32 bytes).
    Removing stm32f4xx_hal_spi.o(.ARM.exidx.text.HAL_SPI_DMAPause), (8 bytes).
    Removing stm32f4xx_hal_spi.o(.text.HAL_SPI_DMAResume), (32 bytes).
    Removing stm32f4xx_hal_spi.o(.ARM.exidx.text.HAL_SPI_DMAResume), (8 bytes).
    Removing stm32f4xx_hal_spi.o(.text.HAL_SPI_DMAStop), (74 bytes).
    Removing stm32f4xx_hal_spi.o(.ARM.exidx.text.HAL_SPI_DMAStop), (8 bytes).
    Removing stm32f4xx_hal_spi.o(.text.HAL_SPI_IRQHandler), (300 bytes).
    Removing stm32f4xx_hal_spi.o(.ARM.exidx.text.HAL_SPI_IRQHandler), (8 bytes).
    Removing stm32f4xx_hal_spi.o(.text.SPI_DMAAbortOnError), (12 bytes).
    Removing stm32f4xx_hal_spi.o(.ARM.exidx.text.SPI_DMAAbortOnError), (8 bytes).
    Removing stm32f4xx_hal_spi.o(.text.HAL_SPI_ErrorCallback), (2 bytes).
    Removing stm32f4xx_hal_spi.o(.ARM.exidx.text.HAL_SPI_ErrorCallback), (8 bytes).
    Removing stm32f4xx_hal_spi.o(.text.HAL_SPI_TxCpltCallback), (2 bytes).
    Removing stm32f4xx_hal_spi.o(.ARM.exidx.text.HAL_SPI_TxCpltCallback), (8 bytes).
    Removing stm32f4xx_hal_spi.o(.text.HAL_SPI_RxCpltCallback), (2 bytes).
    Removing stm32f4xx_hal_spi.o(.ARM.exidx.text.HAL_SPI_RxCpltCallback), (8 bytes).
    Removing stm32f4xx_hal_spi.o(.text.HAL_SPI_TxRxCpltCallback), (2 bytes).
    Removing stm32f4xx_hal_spi.o(.ARM.exidx.text.HAL_SPI_TxRxCpltCallback), (8 bytes).
    Removing stm32f4xx_hal_spi.o(.text.HAL_SPI_TxHalfCpltCallback), (2 bytes).
    Removing stm32f4xx_hal_spi.o(.ARM.exidx.text.HAL_SPI_TxHalfCpltCallback), (8 bytes).
    Removing stm32f4xx_hal_spi.o(.text.HAL_SPI_RxHalfCpltCallback), (2 bytes).
    Removing stm32f4xx_hal_spi.o(.ARM.exidx.text.HAL_SPI_RxHalfCpltCallback), (8 bytes).
    Removing stm32f4xx_hal_spi.o(.text.HAL_SPI_TxRxHalfCpltCallback), (2 bytes).
    Removing stm32f4xx_hal_spi.o(.ARM.exidx.text.HAL_SPI_TxRxHalfCpltCallback), (8 bytes).
    Removing stm32f4xx_hal_spi.o(.text.HAL_SPI_GetState), (6 bytes).
    Removing stm32f4xx_hal_spi.o(.ARM.exidx.text.HAL_SPI_GetState), (8 bytes).
    Removing stm32f4xx_hal_spi.o(.text.HAL_SPI_GetError), (4 bytes).
    Removing stm32f4xx_hal_spi.o(.ARM.exidx.text.HAL_SPI_GetError), (8 bytes).
    Removing stm32f4xx_hal_spi.o(.text.SPI_CloseRxTx_ISR), (350 bytes).
    Removing stm32f4xx_hal_spi.o(.ARM.exidx.text.SPI_CloseRxTx_ISR), (8 bytes).
    Removing stm32f4xx_hal_spi.o(.text.SPI_CloseRx_ISR), (160 bytes).
    Removing stm32f4xx_hal_spi.o(.ARM.exidx.text.SPI_CloseRx_ISR), (8 bytes).
    Removing stm32f4xx_hal_spi.o(.text.SPI_CloseTx_ISR), (324 bytes).
    Removing stm32f4xx_hal_spi.o(.ARM.exidx.text.SPI_CloseTx_ISR), (8 bytes).
    Removing stm32f4xx_hal_spi.o(.ARM.exidx.text.SPI_WaitFlagStateUntilTimeout), (8 bytes).
    Removing stm32f4xx_hal_tim.o(.text), (0 bytes).
    Removing stm32f4xx_hal_tim_ex.o(.text), (0 bytes).
    Removing system_stm32f4xx.o(.text), (0 bytes).
    Removing system_stm32f4xx.o(.ARM.exidx.text.SystemInit), (8 bytes).
    Removing system_stm32f4xx.o(.text.SystemCoreClockUpdate), (134 bytes).
    Removing system_stm32f4xx.o(.ARM.exidx.text.SystemCoreClockUpdate), (8 bytes).
    Removing system_stm32f4xx.o(.rodata.APBPrescTable), (8 bytes).

546 unused section(s) (total 24642 bytes) removed from the image.

==============================================================================

Image Symbol Table

    Local Symbols

    Symbol Name                              Value     Ov Type        Size  Object(Section)

    ../clib/angel/boardlib.s                 0x00000000   Number         0  boardinit1.o ABSOLUTE
    ../clib/angel/boardlib.s                 0x00000000   Number         0  boardinit2.o ABSOLUTE
    ../clib/angel/boardlib.s                 0x00000000   Number         0  boardinit3.o ABSOLUTE
    ../clib/angel/boardlib.s                 0x00000000   Number         0  boardshut.o ABSOLUTE
    ../clib/angel/handlers.s                 0x00000000   Number         0  __scatter_copy.o ABSOLUTE
    ../clib/angel/handlers.s                 0x00000000   Number         0  __scatter_zi.o ABSOLUTE
    ../clib/angel/kernel.s                   0x00000000   Number         0  __rtentry.o ABSOLUTE
    ../clib/angel/kernel.s                   0x00000000   Number         0  __rtentry2.o ABSOLUTE
    ../clib/angel/kernel.s                   0x00000000   Number         0  __rtentry4.o ABSOLUTE
    ../clib/angel/kernel.s                   0x00000000   Number         0  rtexit.o ABSOLUTE
    ../clib/angel/kernel.s                   0x00000000   Number         0  rtexit2.o ABSOLUTE
    ../clib/angel/rt.s                       0x00000000   Number         0  aeabi_ldiv0.o ABSOLUTE
    ../clib/angel/rt.s                       0x00000000   Number         0  aeabi_ldiv0_sigfpe.o ABSOLUTE
    ../clib/angel/rt.s                       0x00000000   Number         0  rt_heap_descriptor.o ABSOLUTE
    ../clib/angel/rt.s                       0x00000000   Number         0  rt_heap_descriptor_intlibspace.o ABSOLUTE
    ../clib/angel/rt.s                       0x00000000   Number         0  rt_div0.o ABSOLUTE
    ../clib/angel/rt.s                       0x00000000   Number         0  rt_raise.o ABSOLUTE
    ../clib/angel/scatter.s                  0x00000000   Number         0  __scatter.o ABSOLUTE
    ../clib/angel/startup.s                  0x00000000   Number         0  __main.o ABSOLUTE
    ../clib/angel/sys.s                      0x00000000   Number         0  mutex_dummy.o ABSOLUTE
    ../clib/angel/sys.s                      0x00000000   Number         0  libspace.o ABSOLUTE
    ../clib/angel/sys.s                      0x00000000   Number         0  use_no_semi.o ABSOLUTE
    ../clib/angel/sys.s                      0x00000000   Number         0  indicate_semi.o ABSOLUTE
    ../clib/angel/sys.s                      0x00000000   Number         0  sys_stackheap_outer.o ABSOLUTE
    ../clib/angel/sysapp.c                   0x00000000   Number         0  sys_command.o ABSOLUTE
    ../clib/angel/sysapp.c                   0x00000000   Number         0  sys_command_hlt.o ABSOLUTE
    ../clib/angel/sysapp.c                   0x00000000   Number         0  sys_exit.o ABSOLUTE
    ../clib/angel/sysapp.c                   0x00000000   Number         0  sys_exit_hlt.o ABSOLUTE
    ../clib/angel/sysapp.c                   0x00000000   Number         0  sys_wrch.o ABSOLUTE
    ../clib/angel/sysapp.c                   0x00000000   Number         0  sys_wrch_hlt.o ABSOLUTE
    ../clib/armsys.c                         0x00000000   Number         0  _get_argv.o ABSOLUTE
    ../clib/armsys.c                         0x00000000   Number         0  argv_veneer.o ABSOLUTE
    ../clib/armsys.c                         0x00000000   Number         0  argv_veneer.o ABSOLUTE
    ../clib/armsys.c                         0x00000000   Number         0  _get_argv_nomalloc.o ABSOLUTE
    ../clib/armsys.c                         0x00000000   Number         0  no_argv.o ABSOLUTE
    ../clib/heap1.c                          0x00000000   Number         0  h1_alloc.o ABSOLUTE
    ../clib/heap1.c                          0x00000000   Number         0  h1_alloc_threads.o ABSOLUTE
    ../clib/heap1.c                          0x00000000   Number         0  h1_init.o ABSOLUTE
    ../clib/heap1.c                          0x00000000   Number         0  h1_free.o ABSOLUTE
    ../clib/heap1.c                          0x00000000   Number         0  h1_init_threads.o ABSOLUTE
    ../clib/heap1.c                          0x00000000   Number         0  h1_free_threads.o ABSOLUTE
    ../clib/heap1.c                          0x00000000   Number         0  h1_extend.o ABSOLUTE
    ../clib/heap1.c                          0x00000000   Number         0  h1_extend_threads.o ABSOLUTE
    ../clib/heap1.c                          0x00000000   Number         0  h1_final.o ABSOLUTE
    ../clib/heap1.c                          0x00000000   Number         0  h1_final_threads.o ABSOLUTE
    ../clib/heap2.c                          0x00000000   Number         0  heap2.o ABSOLUTE
    ../clib/heap2.c                          0x00000000   Number         0  heap2_threads.o ABSOLUTE
    ../clib/heap2.c                          0x00000000   Number         0  fdtree.o ABSOLUTE
    ../clib/heapalloc.c                      0x00000000   Number         0  malloc.o ABSOLUTE
    ../clib/heapalloc.c                      0x00000000   Number         0  hguard.o ABSOLUTE
    ../clib/heapalloc.c                      0x00000000   Number         0  init_alloc.o ABSOLUTE
    ../clib/heapalloc.c                      0x00000000   Number         0  free.o ABSOLUTE
    ../clib/heapalloc.c                      0x00000000   Number         0  heapstubs.o ABSOLUTE
    ../clib/heapalloc.c                      0x00000000   Number         0  hrguard.o ABSOLUTE
    ../clib/heapalloc.c                      0x00000000   Number         0  term_alloc.o ABSOLUTE
    ../clib/heapaux.c                        0x00000000   Number         0  heapauxi.o ABSOLUTE
    ../clib/heapaux.c                        0x00000000   Number         0  heapauxa.o ABSOLUTE
    ../clib/libinit.s                        0x00000000   Number         0  libinit2.o ABSOLUTE
    ../clib/libinit.s                        0x00000000   Number         0  libinit.o ABSOLUTE
    ../clib/libinit.s                        0x00000000   Number         0  libshutdown2.o ABSOLUTE
    ../clib/libinit.s                        0x00000000   Number         0  libshutdown.o ABSOLUTE
    ../clib/longlong.s                       0x00000000   Number         0  lludivv7m.o ABSOLUTE
    ../clib/maybe.s                          0x00000000   Number         0  maybetermalloc1.o ABSOLUTE
    ../clib/maybe.s                          0x00000000   Number         0  maybetermalloc2.o ABSOLUTE
    ../clib/memcpset.s                       0x00000000   Number         0  rt_memclr_w.o ABSOLUTE
    ../clib/memcpset.s                       0x00000000   Number         0  rt_memcpy_w.o ABSOLUTE
    ../clib/misc.s                           0x00000000   Number         0  printf_stubs.o ABSOLUTE
    ../clib/printf.c                         0x00000000   Number         0  __2sprintf.o ABSOLUTE
    ../clib/printf.c                         0x00000000   Number         0  noretval__2sprintf.o ABSOLUTE
    ../clib/printf.c                         0x00000000   Number         0  __printf.o ABSOLUTE
    ../clib/printf.c                         0x00000000   Number         0  _printf_pad.o ABSOLUTE
    ../clib/printf.c                         0x00000000   Number         0  _printf_dec.o ABSOLUTE
    ../clib/printf.c                         0x00000000   Number         0  __printf_flags.o ABSOLUTE
    ../clib/printf.c                         0x00000000   Number         0  __printf_ss.o ABSOLUTE
    ../clib/printf.c                         0x00000000   Number         0  __printf_flags_ss.o ABSOLUTE
    ../clib/printf.c                         0x00000000   Number         0  __printf_wp.o ABSOLUTE
    ../clib/printf.c                         0x00000000   Number         0  __printf_flags_wp.o ABSOLUTE
    ../clib/printf.c                         0x00000000   Number         0  __printf_ss_wp.o ABSOLUTE
    ../clib/printf.c                         0x00000000   Number         0  __printf_flags_ss_wp.o ABSOLUTE
    ../clib/printf.c                         0x00000000   Number         0  _printf_intcommon.o ABSOLUTE
    ../clib/printf.c                         0x00000000   Number         0  _printf_char_common.o ABSOLUTE
    ../clib/printf.c                         0x00000000   Number         0  _sputc.o ABSOLUTE
    ../clib/printf.c                         0x00000000   Number         0  __printf_nopercent.o ABSOLUTE
    ../clib/printf_percent.s                 0x00000000   Number         0  _printf_d.o ABSOLUTE
    ../clib/printf_percent.s                 0x00000000   Number         0  _printf_percent.o ABSOLUTE
    ../clib/printf_percent.s                 0x00000000   Number         0  _printf_percent_end.o ABSOLUTE
    ../clib/signal.c                         0x00000000   Number         0  defsig_rtmem_outer.o ABSOLUTE
    ../clib/signal.c                         0x00000000   Number         0  defsig_rtmem_formal.o ABSOLUTE
    ../clib/signal.c                         0x00000000   Number         0  defsig_exit.o ABSOLUTE
    ../clib/signal.c                         0x00000000   Number         0  defsig_fpe_outer.o ABSOLUTE
    ../clib/signal.c                         0x00000000   Number         0  defsig_fpe_formal.o ABSOLUTE
    ../clib/signal.c                         0x00000000   Number         0  defsig_rtmem_inner.o ABSOLUTE
    ../clib/signal.c                         0x00000000   Number         0  __raise.o ABSOLUTE
    ../clib/signal.c                         0x00000000   Number         0  defsig_general.o ABSOLUTE
    ../clib/signal.c                         0x00000000   Number         0  defsig_fpe_inner.o ABSOLUTE
    ../clib/signal.c                         0x00000000   Number         0  defsig_abrt_inner.o ABSOLUTE
    ../clib/signal.c                         0x00000000   Number         0  defsig_rtred_inner.o ABSOLUTE
    ../clib/signal.c                         0x00000000   Number         0  defsig_stak_inner.o ABSOLUTE
    ../clib/signal.c                         0x00000000   Number         0  defsig_pvfn_inner.o ABSOLUTE
    ../clib/signal.c                         0x00000000   Number         0  defsig_cppl_inner.o ABSOLUTE
    ../clib/signal.c                         0x00000000   Number         0  defsig_segv_inner.o ABSOLUTE
    ../clib/signal.c                         0x00000000   Number         0  defsig_other.o ABSOLUTE
    ../clib/signal.s                         0x00000000   Number         0  defsig.o ABSOLUTE
    ../clib/stdlib.c                         0x00000000   Number         0  exit.o ABSOLUTE
    ../fplib/fpinit.s                        0x00000000   Number         0  fpinit.o ABSOLUTE
    LCD.c                                    0x00000000   Number         0  lcd.o ABSOLUTE
    dc.s                                     0x00000000   Number         0  dc.o ABSOLUTE
    main.c                                   0x00000000   Number         0  main.o ABSOLUTE
    startup_stm32f401xe.s                    0x00000000   Number         0  startup_stm32f401xe.o ABSOLUTE
    stm32f4xx_hal.c                          0x00000000   Number         0  stm32f4xx_hal.o ABSOLUTE
    stm32f4xx_hal_adc.c                      0x00000000   Number         0  stm32f4xx_hal_adc.o ABSOLUTE
    stm32f4xx_hal_adc_ex.c                   0x00000000   Number         0  stm32f4xx_hal_adc_ex.o ABSOLUTE
    stm32f4xx_hal_cortex.c                   0x00000000   Number         0  stm32f4xx_hal_cortex.o ABSOLUTE
    stm32f4xx_hal_dma.c                      0x00000000   Number         0  stm32f4xx_hal_dma.o ABSOLUTE
    stm32f4xx_hal_dma_ex.c                   0x00000000   Number         0  stm32f4xx_hal_dma_ex.o ABSOLUTE
    stm32f4xx_hal_exti.c                     0x00000000   Number         0  stm32f4xx_hal_exti.o ABSOLUTE
    stm32f4xx_hal_flash.c                    0x00000000   Number         0  stm32f4xx_hal_flash.o ABSOLUTE
    stm32f4xx_hal_flash_ex.c                 0x00000000   Number         0  stm32f4xx_hal_flash_ex.o ABSOLUTE
    stm32f4xx_hal_flash_ramfunc.c            0x00000000   Number         0  stm32f4xx_hal_flash_ramfunc.o ABSOLUTE
    stm32f4xx_hal_gpio.c                     0x00000000   Number         0  stm32f4xx_hal_gpio.o ABSOLUTE
    stm32f4xx_hal_msp.c                      0x00000000   Number         0  stm32f4xx_hal_msp.o ABSOLUTE
    stm32f4xx_hal_pwr.c                      0x00000000   Number         0  stm32f4xx_hal_pwr.o ABSOLUTE
    stm32f4xx_hal_pwr_ex.c                   0x00000000   Number         0  stm32f4xx_hal_pwr_ex.o ABSOLUTE
    stm32f4xx_hal_rcc.c                      0x00000000   Number         0  stm32f4xx_hal_rcc.o ABSOLUTE
    stm32f4xx_hal_rcc_ex.c                   0x00000000   Number         0  stm32f4xx_hal_rcc_ex.o ABSOLUTE
    stm32f4xx_hal_spi.c                      0x00000000   Number         0  stm32f4xx_hal_spi.o ABSOLUTE
    stm32f4xx_hal_tim.c                      0x00000000   Number         0  stm32f4xx_hal_tim.o ABSOLUTE
    stm32f4xx_hal_tim_ex.c                   0x00000000   Number         0  stm32f4xx_hal_tim_ex.o ABSOLUTE
    stm32f4xx_it.c                           0x00000000   Number         0  stm32f4xx_it.o ABSOLUTE
    stm32f4xx_ll_adc.c                       0x00000000   Number         0  stm32f4xx_ll_adc.o ABSOLUTE
    system_stm32f4xx.c                       0x00000000   Number         0  system_stm32f4xx.o ABSOLUTE
    RESET                                    0x08000000   Section      404  startup_stm32f401xe.o(RESET)
    !!!main                                  0x08000194   Section        8  __main.o(!!!main)
    !!!scatter                               0x0800019c   Section       52  __scatter.o(!!!scatter)
    !!handler_copy                           0x080001d0   Section       26  __scatter_copy.o(!!handler_copy)
    !!handler_zi                             0x080001ec   Section       28  __scatter_zi.o(!!handler_zi)
    .ARM.Collect$$_printf_percent$$00000000  0x08000208   Section        0  _printf_percent.o(.ARM.Collect$$_printf_percent$$00000000)
    .ARM.Collect$$_printf_percent$$00000009  0x08000208   Section        6  _printf_d.o(.ARM.Collect$$_printf_percent$$00000009)
    .ARM.Collect$$_printf_percent$$00000017  0x0800020e   Section        4  _printf_percent_end.o(.ARM.Collect$$_printf_percent$$00000017)
    .ARM.Collect$$libinit$$00000000          0x08000212   Section        2  libinit.o(.ARM.Collect$$libinit$$00000000)
    .ARM.Collect$$libinit$$00000001          0x08000214   Section        4  libinit2.o(.ARM.Collect$$libinit$$00000001)
    .ARM.Collect$$libinit$$00000004          0x08000218   Section        0  libinit2.o(.ARM.Collect$$libinit$$00000004)
    .ARM.Collect$$libinit$$00000006          0x08000218   Section        0  libinit2.o(.ARM.Collect$$libinit$$00000006)
    .ARM.Collect$$libinit$$00000007          0x08000218   Section        8  libinit2.o(.ARM.Collect$$libinit$$00000007)
    .ARM.Collect$$libinit$$0000000C          0x08000220   Section        0  libinit2.o(.ARM.Collect$$libinit$$0000000C)
    .ARM.Collect$$libinit$$0000000E          0x08000220   Section        0  libinit2.o(.ARM.Collect$$libinit$$0000000E)
    .ARM.Collect$$libinit$$00000010          0x08000220   Section        0  libinit2.o(.ARM.Collect$$libinit$$00000010)
    .ARM.Collect$$libinit$$00000013          0x08000220   Section        0  libinit2.o(.ARM.Collect$$libinit$$00000013)
    .ARM.Collect$$libinit$$00000015          0x08000220   Section        0  libinit2.o(.ARM.Collect$$libinit$$00000015)
    .ARM.Collect$$libinit$$00000017          0x08000220   Section        0  libinit2.o(.ARM.Collect$$libinit$$00000017)
    .ARM.Collect$$libinit$$00000019          0x08000220   Section        0  libinit2.o(.ARM.Collect$$libinit$$00000019)
    .ARM.Collect$$libinit$$0000001B          0x08000220   Section        0  libinit2.o(.ARM.Collect$$libinit$$0000001B)
    .ARM.Collect$$libinit$$0000001D          0x08000220   Section        0  libinit2.o(.ARM.Collect$$libinit$$0000001D)
    .ARM.Collect$$libinit$$0000001F          0x08000220   Section        0  libinit2.o(.ARM.Collect$$libinit$$0000001F)
    .ARM.Collect$$libinit$$00000021          0x08000220   Section        0  libinit2.o(.ARM.Collect$$libinit$$00000021)
    .ARM.Collect$$libinit$$00000023          0x08000220   Section        0  libinit2.o(.ARM.Collect$$libinit$$00000023)
    .ARM.Collect$$libinit$$00000025          0x08000220   Section        0  libinit2.o(.ARM.Collect$$libinit$$00000025)
    .ARM.Collect$$libinit$$00000027          0x08000220   Section        0  libinit2.o(.ARM.Collect$$libinit$$00000027)
    .ARM.Collect$$libinit$$0000002E          0x08000220   Section        0  libinit2.o(.ARM.Collect$$libinit$$0000002E)
    .ARM.Collect$$libinit$$00000030          0x08000220   Section        0  libinit2.o(.ARM.Collect$$libinit$$00000030)
    .ARM.Collect$$libinit$$00000032          0x08000220   Section        0  libinit2.o(.ARM.Collect$$libinit$$00000032)
    .ARM.Collect$$libinit$$00000034          0x08000220   Section        0  libinit2.o(.ARM.Collect$$libinit$$00000034)
    .ARM.Collect$$libinit$$00000035          0x08000220   Section        2  libinit2.o(.ARM.Collect$$libinit$$00000035)
    .ARM.Collect$$libshutdown$$00000000      0x08000222   Section        2  libshutdown.o(.ARM.Collect$$libshutdown$$00000000)
    .ARM.Collect$$libshutdown$$00000002      0x08000224   Section        0  libshutdown2.o(.ARM.Collect$$libshutdown$$00000002)
    .ARM.Collect$$libshutdown$$00000004      0x08000224   Section        0  libshutdown2.o(.ARM.Collect$$libshutdown$$00000004)
    .ARM.Collect$$libshutdown$$00000007      0x08000224   Section        0  libshutdown2.o(.ARM.Collect$$libshutdown$$00000007)
    .ARM.Collect$$libshutdown$$0000000A      0x08000224   Section        0  libshutdown2.o(.ARM.Collect$$libshutdown$$0000000A)
    .ARM.Collect$$libshutdown$$0000000C      0x08000224   Section        0  libshutdown2.o(.ARM.Collect$$libshutdown$$0000000C)
    .ARM.Collect$$libshutdown$$0000000F      0x08000224   Section        0  libshutdown2.o(.ARM.Collect$$libshutdown$$0000000F)
    .ARM.Collect$$libshutdown$$00000010      0x08000224   Section        2  libshutdown2.o(.ARM.Collect$$libshutdown$$00000010)
    .ARM.Collect$$rtentry$$00000000          0x08000226   Section        0  __rtentry.o(.ARM.Collect$$rtentry$$00000000)
    .ARM.Collect$$rtentry$$00000002          0x08000226   Section        0  __rtentry2.o(.ARM.Collect$$rtentry$$00000002)
    .ARM.Collect$$rtentry$$00000004          0x08000226   Section        6  __rtentry4.o(.ARM.Collect$$rtentry$$00000004)
    .ARM.Collect$$rtentry$$00000009          0x0800022c   Section        0  __rtentry2.o(.ARM.Collect$$rtentry$$00000009)
    .ARM.Collect$$rtentry$$0000000A          0x0800022c   Section        4  __rtentry2.o(.ARM.Collect$$rtentry$$0000000A)
    .ARM.Collect$$rtentry$$0000000C          0x08000230   Section        0  __rtentry2.o(.ARM.Collect$$rtentry$$0000000C)
    .ARM.Collect$$rtentry$$0000000D          0x08000230   Section        8  __rtentry2.o(.ARM.Collect$$rtentry$$0000000D)
    .ARM.Collect$$rtexit$$00000000           0x08000238   Section        2  rtexit.o(.ARM.Collect$$rtexit$$00000000)
    .ARM.Collect$$rtexit$$00000002           0x0800023a   Section        0  rtexit2.o(.ARM.Collect$$rtexit$$00000002)
    .ARM.Collect$$rtexit$$00000003           0x0800023a   Section        4  rtexit2.o(.ARM.Collect$$rtexit$$00000003)
    .ARM.Collect$$rtexit$$00000004           0x0800023e   Section        6  rtexit2.o(.ARM.Collect$$rtexit$$00000004)
    $v0                                      0x08000244   Number         0  startup_stm32f401xe.o(.text)
    .text                                    0x08000244   Section       64  startup_stm32f401xe.o(.text)
    .text                                    0x08000284   Section        0  h1_alloc.o(.text)
    .text                                    0x080002e2   Section      240  lludivv7m.o(.text)
    .text                                    0x080003d4   Section        0  noretval__2sprintf.o(.text)
    .text                                    0x080003fc   Section        0  _printf_pad.o(.text)
    .text                                    0x0800044c   Section        0  _printf_dec.o(.text)
    .text                                    0x080004c4   Section        0  __printf_flags_wp.o(.text)
    .text                                    0x080005fc   Section       78  rt_memclr_w.o(.text)
    .text                                    0x0800064a   Section        0  heapauxi.o(.text)
    .text                                    0x08000650   Section        8  rt_heap_descriptor_intlibspace.o(.text)
    .text                                    0x08000658   Section        0  hguard.o(.text)
    .text                                    0x0800065c   Section        0  init_alloc.o(.text)
    .text                                    0x080006e6   Section        0  h1_init.o(.text)
    .text                                    0x080006f4   Section        0  h1_free.o(.text)
    .text                                    0x08000742   Section        0  _printf_intcommon.o(.text)
    _printf_input_char                       0x080007f5   Thumb Code    10  _printf_char_common.o(.text)
    .text                                    0x080007f4   Section        0  _printf_char_common.o(.text)
    .text                                    0x08000824   Section        0  _sputc.o(.text)
    .text                                    0x08000830   Section        8  libspace.o(.text)
    .text                                    0x08000838   Section        0  maybetermalloc1.o(.text)
    .text                                    0x08000838   Section        0  h1_extend.o(.text)
    .text                                    0x0800086c   Section        0  defsig_rtmem_outer.o(.text)
    .text                                    0x0800087a   Section        2  use_no_semi.o(.text)
    .text                                    0x0800087c   Section        0  indicate_semi.o(.text)
    .text                                    0x0800087c   Section       74  sys_stackheap_outer.o(.text)
    .text                                    0x080008c6   Section        0  exit.o(.text)
    .text                                    0x080008d8   Section        0  defsig_exit.o(.text)
    .text                                    0x080008e4   Section        0  defsig_rtmem_inner.o(.text)
    .text                                    0x08000934   Section        0  sys_exit.o(.text)
    .text                                    0x08000940   Section        0  defsig_general.o(.text)
    .text                                    0x08000972   Section        0  sys_wrch.o(.text)
    [Anonymous Symbol]                       0x08000980   Section        0  stm32f4xx_it.o(.text.BusFault_Handler)
    [Anonymous Symbol]                       0x08000984   Section        0  stm32f4xx_it.o(.text.DebugMon_Handler)
    [Anonymous Symbol]                       0x08000988   Section        0  stm32f4xx_hal_adc.o(.text.HAL_ADC_ConfigChannel)
    [Anonymous Symbol]                       0x08000ad0   Section        0  stm32f4xx_hal_adc.o(.text.HAL_ADC_GetValue)
    [Anonymous Symbol]                       0x08000ad8   Section        0  stm32f4xx_hal_adc.o(.text.HAL_ADC_Init)
    [Anonymous Symbol]                       0x08000c38   Section        0  stm32f4xx_hal_msp.o(.text.HAL_ADC_MspInit)
    [Anonymous Symbol]                       0x08000c9c   Section        0  stm32f4xx_hal_adc.o(.text.HAL_ADC_PollForConversion)
    [Anonymous Symbol]                       0x08000d98   Section        0  stm32f4xx_hal_adc.o(.text.HAL_ADC_Start)
    [Anonymous Symbol]                       0x08000ea4   Section        0  stm32f4xx_hal_adc.o(.text.HAL_ADC_Stop)
    [Anonymous Symbol]                       0x08000ed8   Section        0  stm32f4xx_hal.o(.text.HAL_Delay)
    [Anonymous Symbol]                       0x08000f00   Section        0  stm32f4xx_hal_gpio.o(.text.HAL_GPIO_Init)
    [Anonymous Symbol]                       0x080010a8   Section        0  stm32f4xx_hal_gpio.o(.text.HAL_GPIO_ReadPin)
    [Anonymous Symbol]                       0x080010b4   Section        0  stm32f4xx_hal_gpio.o(.text.HAL_GPIO_TogglePin)
    [Anonymous Symbol]                       0x080010c4   Section        0  stm32f4xx_hal_gpio.o(.text.HAL_GPIO_WritePin)
    [Anonymous Symbol]                       0x080010d0   Section        0  stm32f4xx_hal.o(.text.HAL_GetTick)
    [Anonymous Symbol]                       0x080010dc   Section        0  stm32f4xx_hal.o(.text.HAL_IncTick)
    [Anonymous Symbol]                       0x080010f8   Section        0  stm32f4xx_hal.o(.text.HAL_Init)
    [Anonymous Symbol]                       0x08001130   Section        0  stm32f4xx_hal.o(.text.HAL_InitTick)
    [Anonymous Symbol]                       0x08001178   Section        0  stm32f4xx_hal_msp.o(.text.HAL_MspInit)
    [Anonymous Symbol]                       0x080011b0   Section        0  stm32f4xx_hal_cortex.o(.text.HAL_NVIC_SetPriority)
    [Anonymous Symbol]                       0x08001208   Section        0  stm32f4xx_hal_cortex.o(.text.HAL_NVIC_SetPriorityGrouping)
    [Anonymous Symbol]                       0x08001228   Section        0  stm32f4xx_hal_rcc.o(.text.HAL_RCC_ClockConfig)
    [Anonymous Symbol]                       0x08001388   Section        0  stm32f4xx_hal_rcc.o(.text.HAL_RCC_GetSysClockFreq)
    [Anonymous Symbol]                       0x080013f4   Section        0  stm32f4xx_hal_rcc.o(.text.HAL_RCC_OscConfig)
    [Anonymous Symbol]                       0x08001768   Section        0  stm32f4xx_hal_spi.o(.text.HAL_SPI_Init)
    [Anonymous Symbol]                       0x0800181c   Section        0  stm32f4xx_hal_msp.o(.text.HAL_SPI_MspInit)
    [Anonymous Symbol]                       0x08001888   Section        0  stm32f4xx_hal_spi.o(.text.HAL_SPI_Transmit)
    [Anonymous Symbol]                       0x08001adc   Section        0  stm32f4xx_hal_cortex.o(.text.HAL_SYSTICK_Config)
    [Anonymous Symbol]                       0x08001b08   Section        0  stm32f4xx_it.o(.text.HardFault_Handler)
    [Anonymous Symbol]                       0x08001b0c   Section        0  lcd.o(.text.LCD_Clear)
    LCD_Cmd4bit                              0x08001b35   Thumb Code   220  lcd.o(.text.LCD_Cmd4bit)
    [Anonymous Symbol]                       0x08001b34   Section        0  lcd.o(.text.LCD_Cmd4bit)
    [Anonymous Symbol]                       0x08001c10   Section        0  lcd.o(.text.LCD_Init)
    [Anonymous Symbol]                       0x08001d50   Section        0  lcd.o(.text.LCD_Puts)
    [Anonymous Symbol]                       0x08001e88   Section        0  stm32f4xx_it.o(.text.MemManage_Handler)
    [Anonymous Symbol]                       0x08001e8c   Section        0  stm32f4xx_it.o(.text.NMI_Handler)
    [Anonymous Symbol]                       0x08001e90   Section        0  stm32f4xx_it.o(.text.PendSV_Handler)
    SPI_WaitFlagStateUntilTimeout            0x08001e95   Thumb Code   228  stm32f4xx_hal_spi.o(.text.SPI_WaitFlagStateUntilTimeout)
    [Anonymous Symbol]                       0x08001e94   Section        0  stm32f4xx_hal_spi.o(.text.SPI_WaitFlagStateUntilTimeout)
    [Anonymous Symbol]                       0x08001f78   Section        0  stm32f4xx_it.o(.text.SVC_Handler)
    [Anonymous Symbol]                       0x08001f7c   Section        0  stm32f4xx_it.o(.text.SysTick_Handler)
    [Anonymous Symbol]                       0x08001f80   Section        0  system_stm32f4xx.o(.text.SystemInit)
    [Anonymous Symbol]                       0x08001f94   Section        0  stm32f4xx_it.o(.text.UsageFault_Handler)
    [Anonymous Symbol]                       0x08001f98   Section        0  main.o(.text.main)
    [Anonymous Symbol]                       0x0800246c   Section        0  main.o(.text.read_keypad)
    [Anonymous Symbol]                       0x080025ec   Section        0  main.o(.text.read_one_from_keypad)
    i._is_digit                              0x08002742   Section        0  __printf_wp.o(i._is_digit)
    $v0                                      0x08002750   Number         0  fpinit.o(x$fpl$fpinit)
    x$fpl$fpinit                             0x08002750   Section       26  fpinit.o(x$fpl$fpinit)
    maptable                                 0x0800276a   Data          17  __printf_flags_wp.o(.constdata)
    .constdata                               0x0800276a   Section       17  __printf_flags_wp.o(.constdata)
    .L__const.read_keypad.key_pad_get        0x0800277c   Data          48  main.o(.rodata..L__const.read_keypad.key_pad_get)
    .L__const.LCD_CursorSet.row_offsets      0x080027bc   Data           4  lcd.o(.rodata.cst4)
    .L.str.3                                 0x080027c0   Data           5  main.o(.rodata.str1.1)
    [Anonymous Symbol]                       0x080027c0   Section        0  main.o(.rodata.str1.1)
    .L.str.6                                 0x080027c5   Data           5  main.o(.rodata.str1.1)
    .L.str.9                                 0x080027ca   Data          12  main.o(.rodata.str1.1)
    .L.str.8                                 0x080027d6   Data          13  main.o(.rodata.str1.1)
    .L_MergedGlobals                         0x20000000   Data           8  stm32f4xx_hal.o(.data..L_MergedGlobals)
    [Anonymous Symbol]                       0x20000000   Section        0  stm32f4xx_hal.o(.data..L_MergedGlobals)
    .bss                                     0x20000010   Section       96  libspace.o(.bss)
    .L_MergedGlobals                         0x20000070   Data           3  lcd.o(.bss..L_MergedGlobals)
    LCD_Opts.0                               0x20000070   Data           1  lcd.o(.bss..L_MergedGlobals)
    [Anonymous Symbol]                       0x20000070   Section        0  lcd.o(.bss..L_MergedGlobals)
    LCD_Opts.3                               0x20000071   Data           1  lcd.o(.bss..L_MergedGlobals)
    LCD_Opts.4                               0x20000072   Data           1  lcd.o(.bss..L_MergedGlobals)
    Heap_Mem                                 0x20000118   Data         512  startup_stm32f401xe.o(HEAP)
    HEAP                                     0x20000118   Section      512  startup_stm32f401xe.o(HEAP)
    Stack_Mem                                0x20000318   Data        1024  startup_stm32f401xe.o(STACK)
    STACK                                    0x20000318   Section     1024  startup_stm32f401xe.o(STACK)
    __initial_sp                             0x20000718   Data           0  startup_stm32f401xe.o(STACK)

    Global Symbols

    Symbol Name                              Value     Ov Type        Size  Object(Section)

    BuildAttributes$$THM_ISAv4$E$P$D$K$B$S$7EM$VFPi3$EXTD16$VFPS$VFMA$PE$A:L22UL41UL21$X:L11$S22US41US21$IEEE1$IW$~IW$USESV6$~STKCKD$USESV7$~SHL$OTIME$ROPI$EBA8$UX$STANDARDLIB$REQ8$PRES8$EABIv2 0x00000000   Number         0  anon$$obj.o ABSOLUTE
    _printf_flags                            0x00000000   Number         0  printf_stubs.o ABSOLUTE
    _printf_return_value                     0x00000000   Number         0  printf_stubs.o ABSOLUTE
    _printf_sizespec                         0x00000000   Number         0  printf_stubs.o ABSOLUTE
    _printf_widthprec                        0x00000000   Number         0  printf_stubs.o ABSOLUTE
    __ARM_exceptions_init                     - Undefined Weak Reference
    __alloca_initialize                       - Undefined Weak Reference
    __arm_preinit_                            - Undefined Weak Reference
    __arm_relocate_pie_                       - Undefined Weak Reference
    __cpp_initialize__aeabi_                  - Undefined Weak Reference
    __cxa_finalize                            - Undefined Weak Reference
    __rt_locale                               - Undefined Weak Reference
    __sigvec_lookup                           - Undefined Weak Reference
    __user_heap_extent                        - Undefined Weak Reference
    _atexit_init                              - Undefined Weak Reference
    _call_atexit_fns                          - Undefined Weak Reference
    _clock_init                               - Undefined Weak Reference
    _fp_trap_init                             - Undefined Weak Reference
    _fp_trap_shutdown                         - Undefined Weak Reference
    _get_lc_collate                           - Undefined Weak Reference
    _get_lc_ctype                             - Undefined Weak Reference
    _get_lc_monetary                          - Undefined Weak Reference
    _get_lc_numeric                           - Undefined Weak Reference
    _get_lc_time                              - Undefined Weak Reference
    _getenv_init                              - Undefined Weak Reference
    _handle_redirection                       - Undefined Weak Reference
    _initio                                   - Undefined Weak Reference
    _mutex_acquire                            - Undefined Weak Reference
    _mutex_free                               - Undefined Weak Reference
    _mutex_release                            - Undefined Weak Reference
    _printf_truncate_signed                   - Undefined Weak Reference
    _printf_truncate_unsigned                 - Undefined Weak Reference
    _rand_init                                - Undefined Weak Reference
    _signal_finish                            - Undefined Weak Reference
    _signal_init                              - Undefined Weak Reference
    _terminateio                              - Undefined Weak Reference
    __Vectors_Size                           0x00000194   Number         0  startup_stm32f401xe.o ABSOLUTE
    __Vectors                                0x08000000   Data           4  startup_stm32f401xe.o(RESET)
    __Vectors_End                            0x08000194   Data           0  startup_stm32f401xe.o(RESET)
    __main                                   0x08000195   Thumb Code     8  __main.o(!!!main)
    __scatterload                            0x0800019d   Thumb Code     0  __scatter.o(!!!scatter)
    __scatterload_rt2                        0x0800019d   Thumb Code    44  __scatter.o(!!!scatter)
    __scatterload_rt2_thumb_only             0x0800019d   Thumb Code     0  __scatter.o(!!!scatter)
    __scatterload_null                       0x080001ab   Thumb Code     0  __scatter.o(!!!scatter)
    __scatterload_copy                       0x080001d1   Thumb Code    26  __scatter_copy.o(!!handler_copy)
    __scatterload_zeroinit                   0x080001ed   Thumb Code    28  __scatter_zi.o(!!handler_zi)
    _printf_d                                0x08000209   Thumb Code     0  _printf_d.o(.ARM.Collect$$_printf_percent$$00000009)
    _printf_percent                          0x08000209   Thumb Code     0  _printf_percent.o(.ARM.Collect$$_printf_percent$$00000000)
    _printf_percent_end                      0x0800020f   Thumb Code     0  _printf_percent_end.o(.ARM.Collect$$_printf_percent$$00000017)
    __rt_lib_init                            0x08000213   Thumb Code     0  libinit.o(.ARM.Collect$$libinit$$00000000)
    __rt_lib_init_fp_1                       0x08000215   Thumb Code     0  libinit2.o(.ARM.Collect$$libinit$$00000001)
    __rt_lib_init_heap_2                     0x08000219   Thumb Code     0  libinit2.o(.ARM.Collect$$libinit$$00000007)
    __rt_lib_init_preinit_1                  0x08000219   Thumb Code     0  libinit2.o(.ARM.Collect$$libinit$$00000006)
    __rt_lib_init_relocate_pie_1             0x08000219   Thumb Code     0  libinit2.o(.ARM.Collect$$libinit$$00000004)
    __rt_lib_init_alloca_1                   0x08000221   Thumb Code     0  libinit2.o(.ARM.Collect$$libinit$$00000030)
    __rt_lib_init_argv_1                     0x08000221   Thumb Code     0  libinit2.o(.ARM.Collect$$libinit$$0000002E)
    __rt_lib_init_atexit_1                   0x08000221   Thumb Code     0  libinit2.o(.ARM.Collect$$libinit$$0000001D)
    __rt_lib_init_clock_1                    0x08000221   Thumb Code     0  libinit2.o(.ARM.Collect$$libinit$$00000023)
    __rt_lib_init_cpp_1                      0x08000221   Thumb Code     0  libinit2.o(.ARM.Collect$$libinit$$00000034)
    __rt_lib_init_exceptions_1               0x08000221   Thumb Code     0  libinit2.o(.ARM.Collect$$libinit$$00000032)
    __rt_lib_init_fp_trap_1                  0x08000221   Thumb Code     0  libinit2.o(.ARM.Collect$$libinit$$00000021)
    __rt_lib_init_getenv_1                   0x08000221   Thumb Code     0  libinit2.o(.ARM.Collect$$libinit$$00000025)
    __rt_lib_init_heap_1                     0x08000221   Thumb Code     0  libinit2.o(.ARM.Collect$$libinit$$0000000C)
    __rt_lib_init_lc_collate_1               0x08000221   Thumb Code     0  libinit2.o(.ARM.Collect$$libinit$$00000013)
    __rt_lib_init_lc_ctype_1                 0x08000221   Thumb Code     0  libinit2.o(.ARM.Collect$$libinit$$00000015)
    __rt_lib_init_lc_monetary_1              0x08000221   Thumb Code     0  libinit2.o(.ARM.Collect$$libinit$$00000017)
    __rt_lib_init_lc_numeric_1               0x08000221   Thumb Code     0  libinit2.o(.ARM.Collect$$libinit$$00000019)
    __rt_lib_init_lc_time_1                  0x08000221   Thumb Code     0  libinit2.o(.ARM.Collect$$libinit$$0000001B)
    __rt_lib_init_rand_1                     0x08000221   Thumb Code     0  libinit2.o(.ARM.Collect$$libinit$$00000010)
    __rt_lib_init_return                     0x08000221   Thumb Code     0  libinit2.o(.ARM.Collect$$libinit$$00000035)
    __rt_lib_init_signal_1                   0x08000221   Thumb Code     0  libinit2.o(.ARM.Collect$$libinit$$0000001F)
    __rt_lib_init_stdio_1                    0x08000221   Thumb Code     0  libinit2.o(.ARM.Collect$$libinit$$00000027)
    __rt_lib_init_user_alloc_1               0x08000221   Thumb Code     0  libinit2.o(.ARM.Collect$$libinit$$0000000E)
    __rt_lib_shutdown                        0x08000223   Thumb Code     0  libshutdown.o(.ARM.Collect$$libshutdown$$00000000)
    __rt_lib_shutdown_cpp_1                  0x08000225   Thumb Code     0  libshutdown2.o(.ARM.Collect$$libshutdown$$00000002)
    __rt_lib_shutdown_fp_trap_1              0x08000225   Thumb Code     0  libshutdown2.o(.ARM.Collect$$libshutdown$$00000007)
    __rt_lib_shutdown_heap_1                 0x08000225   Thumb Code     0  libshutdown2.o(.ARM.Collect$$libshutdown$$0000000F)
    __rt_lib_shutdown_return                 0x08000225   Thumb Code     0  libshutdown2.o(.ARM.Collect$$libshutdown$$00000010)
    __rt_lib_shutdown_signal_1               0x08000225   Thumb Code     0  libshutdown2.o(.ARM.Collect$$libshutdown$$0000000A)
    __rt_lib_shutdown_stdio_1                0x08000225   Thumb Code     0  libshutdown2.o(.ARM.Collect$$libshutdown$$00000004)
    __rt_lib_shutdown_user_alloc_1           0x08000225   Thumb Code     0  libshutdown2.o(.ARM.Collect$$libshutdown$$0000000C)
    __rt_entry                               0x08000227   Thumb Code     0  __rtentry.o(.ARM.Collect$$rtentry$$00000000)
    __rt_entry_presh_1                       0x08000227   Thumb Code     0  __rtentry2.o(.ARM.Collect$$rtentry$$00000002)
    __rt_entry_sh                            0x08000227   Thumb Code     0  __rtentry4.o(.ARM.Collect$$rtentry$$00000004)
    __rt_entry_li                            0x0800022d   Thumb Code     0  __rtentry2.o(.ARM.Collect$$rtentry$$0000000A)
    __rt_entry_postsh_1                      0x0800022d   Thumb Code     0  __rtentry2.o(.ARM.Collect$$rtentry$$00000009)
    __rt_entry_main                          0x08000231   Thumb Code     0  __rtentry2.o(.ARM.Collect$$rtentry$$0000000D)
    __rt_entry_postli_1                      0x08000231   Thumb Code     0  __rtentry2.o(.ARM.Collect$$rtentry$$0000000C)
    __rt_exit                                0x08000239   Thumb Code     0  rtexit.o(.ARM.Collect$$rtexit$$00000000)
    __rt_exit_ls                             0x0800023b   Thumb Code     0  rtexit2.o(.ARM.Collect$$rtexit$$00000003)
    __rt_exit_prels_1                        0x0800023b   Thumb Code     0  rtexit2.o(.ARM.Collect$$rtexit$$00000002)
    __rt_exit_exit                           0x0800023f   Thumb Code     0  rtexit2.o(.ARM.Collect$$rtexit$$00000004)
    Reset_Handler                            0x08000245   Thumb Code     8  startup_stm32f401xe.o(.text)
    ADC_IRQHandler                           0x0800025f   Thumb Code     0  startup_stm32f401xe.o(.text)
    DMA1_Stream0_IRQHandler                  0x0800025f   Thumb Code     0  startup_stm32f401xe.o(.text)
    DMA1_Stream1_IRQHandler                  0x0800025f   Thumb Code     0  startup_stm32f401xe.o(.text)
    DMA1_Stream2_IRQHandler                  0x0800025f   Thumb Code     0  startup_stm32f401xe.o(.text)
    DMA1_Stream3_IRQHandler                  0x0800025f   Thumb Code     0  startup_stm32f401xe.o(.text)
    DMA1_Stream4_IRQHandler                  0x0800025f   Thumb Code     0  startup_stm32f401xe.o(.text)
    DMA1_Stream5_IRQHandler                  0x0800025f   Thumb Code     0  startup_stm32f401xe.o(.text)
    DMA1_Stream6_IRQHandler                  0x0800025f   Thumb Code     0  startup_stm32f401xe.o(.text)
    DMA1_Stream7_IRQHandler                  0x0800025f   Thumb Code     0  startup_stm32f401xe.o(.text)
    DMA2_Stream0_IRQHandler                  0x0800025f   Thumb Code     0  startup_stm32f401xe.o(.text)
    DMA2_Stream1_IRQHandler                  0x0800025f   Thumb Code     0  startup_stm32f401xe.o(.text)
    DMA2_Stream2_IRQHandler                  0x0800025f   Thumb Code     0  startup_stm32f401xe.o(.text)
    DMA2_Stream3_IRQHandler                  0x0800025f   Thumb Code     0  startup_stm32f401xe.o(.text)
    DMA2_Stream4_IRQHandler                  0x0800025f   Thumb Code     0  startup_stm32f401xe.o(.text)
    DMA2_Stream5_IRQHandler                  0x0800025f   Thumb Code     0  startup_stm32f401xe.o(.text)
    DMA2_Stream6_IRQHandler                  0x0800025f   Thumb Code     0  startup_stm32f401xe.o(.text)
    DMA2_Stream7_IRQHandler                  0x0800025f   Thumb Code     0  startup_stm32f401xe.o(.text)
    EXTI0_IRQHandler                         0x0800025f   Thumb Code     0  startup_stm32f401xe.o(.text)
    EXTI15_10_IRQHandler                     0x0800025f   Thumb Code     0  startup_stm32f401xe.o(.text)
    EXTI1_IRQHandler                         0x0800025f   Thumb Code     0  startup_stm32f401xe.o(.text)
    EXTI2_IRQHandler                         0x0800025f   Thumb Code     0  startup_stm32f401xe.o(.text)
    EXTI3_IRQHandler                         0x0800025f   Thumb Code     0  startup_stm32f401xe.o(.text)
    EXTI4_IRQHandler                         0x0800025f   Thumb Code     0  startup_stm32f401xe.o(.text)
    EXTI9_5_IRQHandler                       0x0800025f   Thumb Code     0  startup_stm32f401xe.o(.text)
    FLASH_IRQHandler                         0x0800025f   Thumb Code     0  startup_stm32f401xe.o(.text)
    FPU_IRQHandler                           0x0800025f   Thumb Code     0  startup_stm32f401xe.o(.text)
    I2C1_ER_IRQHandler                       0x0800025f   Thumb Code     0  startup_stm32f401xe.o(.text)
    I2C1_EV_IRQHandler                       0x0800025f   Thumb Code     0  startup_stm32f401xe.o(.text)
    I2C2_ER_IRQHandler                       0x0800025f   Thumb Code     0  startup_stm32f401xe.o(.text)
    I2C2_EV_IRQHandler                       0x0800025f   Thumb Code     0  startup_stm32f401xe.o(.text)
    I2C3_ER_IRQHandler                       0x0800025f   Thumb Code     0  startup_stm32f401xe.o(.text)
    I2C3_EV_IRQHandler                       0x0800025f   Thumb Code     0  startup_stm32f401xe.o(.text)
    OTG_FS_IRQHandler                        0x0800025f   Thumb Code     0  startup_stm32f401xe.o(.text)
    OTG_FS_WKUP_IRQHandler                   0x0800025f   Thumb Code     0  startup_stm32f401xe.o(.text)
    PVD_IRQHandler                           0x0800025f   Thumb Code     0  startup_stm32f401xe.o(.text)
    RCC_IRQHandler                           0x0800025f   Thumb Code     0  startup_stm32f401xe.o(.text)
    RTC_Alarm_IRQHandler                     0x0800025f   Thumb Code     0  startup_stm32f401xe.o(.text)
    RTC_WKUP_IRQHandler                      0x0800025f   Thumb Code     0  startup_stm32f401xe.o(.text)
    SDIO_IRQHandler                          0x0800025f   Thumb Code     0  startup_stm32f401xe.o(.text)
    SPI1_IRQHandler                          0x0800025f   Thumb Code     0  startup_stm32f401xe.o(.text)
    SPI2_IRQHandler                          0x0800025f   Thumb Code     0  startup_stm32f401xe.o(.text)
    SPI3_IRQHandler                          0x0800025f   Thumb Code     0  startup_stm32f401xe.o(.text)
    SPI4_IRQHandler                          0x0800025f   Thumb Code     0  startup_stm32f401xe.o(.text)
    TAMP_STAMP_IRQHandler                    0x0800025f   Thumb Code     0  startup_stm32f401xe.o(.text)
    TIM1_BRK_TIM9_IRQHandler                 0x0800025f   Thumb Code     0  startup_stm32f401xe.o(.text)
    TIM1_CC_IRQHandler                       0x0800025f   Thumb Code     0  startup_stm32f401xe.o(.text)
    TIM1_TRG_COM_TIM11_IRQHandler            0x0800025f   Thumb Code     0  startup_stm32f401xe.o(.text)
    TIM1_UP_TIM10_IRQHandler                 0x0800025f   Thumb Code     0  startup_stm32f401xe.o(.text)
    TIM2_IRQHandler                          0x0800025f   Thumb Code     0  startup_stm32f401xe.o(.text)
    TIM3_IRQHandler                          0x0800025f   Thumb Code     0  startup_stm32f401xe.o(.text)
    TIM4_IRQHandler                          0x0800025f   Thumb Code     0  startup_stm32f401xe.o(.text)
    TIM5_IRQHandler                          0x0800025f   Thumb Code     0  startup_stm32f401xe.o(.text)
    USART1_IRQHandler                        0x0800025f   Thumb Code     0  startup_stm32f401xe.o(.text)
    USART2_IRQHandler                        0x0800025f   Thumb Code     0  startup_stm32f401xe.o(.text)
    USART6_IRQHandler                        0x0800025f   Thumb Code     0  startup_stm32f401xe.o(.text)
    WWDG_IRQHandler                          0x0800025f   Thumb Code     0  startup_stm32f401xe.o(.text)
    __user_initial_stackheap                 0x08000261   Thumb Code     0  startup_stm32f401xe.o(.text)
    malloc                                   0x08000285   Thumb Code    94  h1_alloc.o(.text)
    __aeabi_uldivmod                         0x080002e3   Thumb Code     0  lludivv7m.o(.text)
    _ll_udiv                                 0x080002e3   Thumb Code   240  lludivv7m.o(.text)
    __2sprintf                               0x080003d5   Thumb Code    34  noretval__2sprintf.o(.text)
    _printf_pre_padding                      0x080003fd   Thumb Code    44  _printf_pad.o(.text)
    _printf_post_padding                     0x08000429   Thumb Code    34  _printf_pad.o(.text)
    _printf_int_dec                          0x0800044d   Thumb Code   104  _printf_dec.o(.text)
    __printf                                 0x080004c5   Thumb Code   308  __printf_flags_wp.o(.text)
    __aeabi_memclr4                          0x080005fd   Thumb Code     0  rt_memclr_w.o(.text)
    __aeabi_memclr8                          0x080005fd   Thumb Code     0  rt_memclr_w.o(.text)
    __rt_memclr_w                            0x080005fd   Thumb Code     0  rt_memclr_w.o(.text)
    _memset_w                                0x08000601   Thumb Code    74  rt_memclr_w.o(.text)
    __use_two_region_memory                  0x0800064b   Thumb Code     2  heapauxi.o(.text)
    __rt_heap_escrow                         0x0800064d   Thumb Code     2  heapauxi.o(.text)
    __rt_heap_expand                         0x0800064f   Thumb Code     2  heapauxi.o(.text)
    __rt_heap_descriptor                     0x08000651   Thumb Code     8  rt_heap_descriptor_intlibspace.o(.text)
    __use_no_heap                            0x08000659   Thumb Code     2  hguard.o(.text)
    __heap$guard                             0x0800065b   Thumb Code     2  hguard.o(.text)
    _terminate_user_alloc                    0x0800065d   Thumb Code     2  init_alloc.o(.text)
    _init_user_alloc                         0x0800065f   Thumb Code     2  init_alloc.o(.text)
    __Heap_Full                              0x08000661   Thumb Code    34  init_alloc.o(.text)
    __Heap_Broken                            0x08000683   Thumb Code     6  init_alloc.o(.text)
    _init_alloc                              0x08000689   Thumb Code    94  init_alloc.o(.text)
    __Heap_Initialize                        0x080006e7   Thumb Code    10  h1_init.o(.text)
    __Heap_DescSize                          0x080006f1   Thumb Code     4  h1_init.o(.text)
    free                                     0x080006f5   Thumb Code    78  h1_free.o(.text)
    _printf_int_common                       0x08000743   Thumb Code   178  _printf_intcommon.o(.text)
    _printf_char_common                      0x080007ff   Thumb Code    32  _printf_char_common.o(.text)
    _sputc                                   0x08000825   Thumb Code    10  _sputc.o(.text)
    __user_libspace                          0x08000831   Thumb Code     8  libspace.o(.text)
    __user_perproc_libspace                  0x08000831   Thumb Code     0  libspace.o(.text)
    __user_perthread_libspace                0x08000831   Thumb Code     0  libspace.o(.text)
    __Heap_ProvideMemory                     0x08000839   Thumb Code    52  h1_extend.o(.text)
    _maybe_terminate_alloc                   0x08000839   Thumb Code     0  maybetermalloc1.o(.text)
    __rt_SIGRTMEM                            0x0800086d   Thumb Code    14  defsig_rtmem_outer.o(.text)
    __I$use$semihosting                      0x0800087b   Thumb Code     0  use_no_semi.o(.text)
    __use_no_semihosting_swi                 0x0800087b   Thumb Code     2  use_no_semi.o(.text)
    __semihosting_library_function           0x0800087d   Thumb Code     0  indicate_semi.o(.text)
    __user_setup_stackheap                   0x0800087d   Thumb Code    74  sys_stackheap_outer.o(.text)
    exit                                     0x080008c7   Thumb Code    18  exit.o(.text)
    __sig_exit                               0x080008d9   Thumb Code    10  defsig_exit.o(.text)
    __rt_SIGRTMEM_inner                      0x080008e5   Thumb Code    22  defsig_rtmem_inner.o(.text)
    _sys_exit                                0x08000935   Thumb Code     8  sys_exit.o(.text)
    __default_signal_display                 0x08000941   Thumb Code    50  defsig_general.o(.text)
    _ttywrch                                 0x08000973   Thumb Code    14  sys_wrch.o(.text)
    BusFault_Handler                         0x08000981   Thumb Code     2  stm32f4xx_it.o(.text.BusFault_Handler)
    DebugMon_Handler                         0x08000985   Thumb Code     2  stm32f4xx_it.o(.text.DebugMon_Handler)
    HAL_ADC_ConfigChannel                    0x08000989   Thumb Code   326  stm32f4xx_hal_adc.o(.text.HAL_ADC_ConfigChannel)
    HAL_ADC_GetValue                         0x08000ad1   Thumb Code     6  stm32f4xx_hal_adc.o(.text.HAL_ADC_GetValue)
    HAL_ADC_Init                             0x08000ad9   Thumb Code   350  stm32f4xx_hal_adc.o(.text.HAL_ADC_Init)
    HAL_ADC_MspInit                          0x08000c39   Thumb Code   100  stm32f4xx_hal_msp.o(.text.HAL_ADC_MspInit)
    HAL_ADC_PollForConversion                0x08000c9d   Thumb Code   252  stm32f4xx_hal_adc.o(.text.HAL_ADC_PollForConversion)
    HAL_ADC_Start                            0x08000d99   Thumb Code   266  stm32f4xx_hal_adc.o(.text.HAL_ADC_Start)
    HAL_ADC_Stop                             0x08000ea5   Thumb Code    50  stm32f4xx_hal_adc.o(.text.HAL_ADC_Stop)
    HAL_Delay                                0x08000ed9   Thumb Code    40  stm32f4xx_hal.o(.text.HAL_Delay)
    HAL_GPIO_Init                            0x08000f01   Thumb Code   422  stm32f4xx_hal_gpio.o(.text.HAL_GPIO_Init)
    HAL_GPIO_ReadPin                         0x080010a9   Thumb Code    10  stm32f4xx_hal_gpio.o(.text.HAL_GPIO_ReadPin)
    HAL_GPIO_TogglePin                       0x080010b5   Thumb Code    16  stm32f4xx_hal_gpio.o(.text.HAL_GPIO_TogglePin)
    HAL_GPIO_WritePin                        0x080010c5   Thumb Code    10  stm32f4xx_hal_gpio.o(.text.HAL_GPIO_WritePin)
    HAL_GetTick                              0x080010d1   Thumb Code    12  stm32f4xx_hal.o(.text.HAL_GetTick)
    HAL_IncTick                              0x080010dd   Thumb Code    26  stm32f4xx_hal.o(.text.HAL_IncTick)
    HAL_Init                                 0x080010f9   Thumb Code    54  stm32f4xx_hal.o(.text.HAL_Init)
    HAL_InitTick                             0x08001131   Thumb Code    72  stm32f4xx_hal.o(.text.HAL_InitTick)
    HAL_MspInit                              0x08001179   Thumb Code    56  stm32f4xx_hal_msp.o(.text.HAL_MspInit)
    HAL_NVIC_SetPriority                     0x080011b1   Thumb Code    86  stm32f4xx_hal_cortex.o(.text.HAL_NVIC_SetPriority)
    HAL_NVIC_SetPriorityGrouping             0x08001209   Thumb Code    32  stm32f4xx_hal_cortex.o(.text.HAL_NVIC_SetPriorityGrouping)
    HAL_RCC_ClockConfig                      0x08001229   Thumb Code   352  stm32f4xx_hal_rcc.o(.text.HAL_RCC_ClockConfig)
    HAL_RCC_GetSysClockFreq                  0x08001389   Thumb Code   106  stm32f4xx_hal_rcc.o(.text.HAL_RCC_GetSysClockFreq)
    HAL_RCC_OscConfig                        0x080013f5   Thumb Code   884  stm32f4xx_hal_rcc.o(.text.HAL_RCC_OscConfig)
    HAL_SPI_Init                             0x08001769   Thumb Code   180  stm32f4xx_hal_spi.o(.text.HAL_SPI_Init)
    HAL_SPI_MspInit                          0x0800181d   Thumb Code   108  stm32f4xx_hal_msp.o(.text.HAL_SPI_MspInit)
    HAL_SPI_Transmit                         0x08001889   Thumb Code   594  stm32f4xx_hal_spi.o(.text.HAL_SPI_Transmit)
    HAL_SYSTICK_Config                       0x08001add   Thumb Code    44  stm32f4xx_hal_cortex.o(.text.HAL_SYSTICK_Config)
    HardFault_Handler                        0x08001b09   Thumb Code     2  stm32f4xx_it.o(.text.HardFault_Handler)
    LCD_Clear                                0x08001b0d   Thumb Code    40  lcd.o(.text.LCD_Clear)
    LCD_Init                                 0x08001c11   Thumb Code   318  lcd.o(.text.LCD_Init)
    LCD_Puts                                 0x08001d51   Thumb Code   312  lcd.o(.text.LCD_Puts)
    MemManage_Handler                        0x08001e89   Thumb Code     2  stm32f4xx_it.o(.text.MemManage_Handler)
    NMI_Handler                              0x08001e8d   Thumb Code     2  stm32f4xx_it.o(.text.NMI_Handler)
    PendSV_Handler                           0x08001e91   Thumb Code     2  stm32f4xx_it.o(.text.PendSV_Handler)
    SVC_Handler                              0x08001f79   Thumb Code     2  stm32f4xx_it.o(.text.SVC_Handler)
    SysTick_Handler                          0x08001f7d   Thumb Code     4  stm32f4xx_it.o(.text.SysTick_Handler)
    SystemInit                               0x08001f81   Thumb Code    18  system_stm32f4xx.o(.text.SystemInit)
    UsageFault_Handler                       0x08001f95   Thumb Code     2  stm32f4xx_it.o(.text.UsageFault_Handler)
    main                                     0x08001f99   Thumb Code  1124  main.o(.text.main)
    read_keypad                              0x0800246d   Thumb Code   384  main.o(.text.read_keypad)
    read_one_from_keypad                     0x080025ed   Thumb Code   342  main.o(.text.read_one_from_keypad)
    _is_digit                                0x08002743   Thumb Code    14  __printf_wp.o(i._is_digit)
    _fp_init                                 0x08002751   Thumb Code    26  fpinit.o(x$fpl$fpinit)
    __fplib_config_fpu_vfp                   0x08002769   Thumb Code     0  fpinit.o(x$fpl$fpinit)
    __fplib_config_pureend_doubles           0x08002769   Thumb Code     0  fpinit.o(x$fpl$fpinit)
    AHBPrescTable                            0x080027ac   Data          16  system_stm32f4xx.o(.rodata.AHBPrescTable)
    Region$$Table$$Base                      0x080027e4   Number         0  anon$$obj.o(Region$$Table)
    Region$$Table$$Limit                     0x08002804   Number         0  anon$$obj.o(Region$$Table)
    uwTickFreq                               0x20000000   Data           1  stm32f4xx_hal.o(.data..L_MergedGlobals)
    uwTickPrio                               0x20000004   Data           4  stm32f4xx_hal.o(.data..L_MergedGlobals)
    SystemCoreClock                          0x20000008   Data           4  system_stm32f4xx.o(.data.SystemCoreClock)
    __libspace_start                         0x20000010   Data          96  libspace.o(.bss)
    __temporary_stack_top$libspace           0x20000070   Data           0  libspace.o(.bss)
    hadc1                                    0x20000074   Data          72  main.o(.bss.hadc1)
    hspi1                                    0x200000bc   Data          88  main.o(.bss.hspi1)
    uwTick                                   0x20000114   Data           4  stm32f4xx_hal.o(.bss.uwTick)



==============================================================================

Memory Map of the image

  Image Entry point : 0x08000195

  Load Region LR_IROM1 (Base: 0x08000000, Size: 0x00002818, Max: 0x00080000, ABSOLUTE)

    Execution Region ER_IROM1 (Exec base: 0x08000000, Load base: 0x08000000, Size: 0x00002804, Max: 0x00080000, ABSOLUTE)

    Exec Addr    Load Addr    Size         Type   Attr      Idx    E Section Name        Object

    0x08000000   0x08000000   0x00000194   Data   RO            3    RESET               startup_stm32f401xe.o
    0x08000194   0x08000194   0x00000008   Code   RO          845  * !!!main             c_w.l(__main.o)
    0x0800019c   0x0800019c   0x00000034   Code   RO         1079    !!!scatter          c_w.l(__scatter.o)
    0x080001d0   0x080001d0   0x0000001a   Code   RO         1081    !!handler_copy      c_w.l(__scatter_copy.o)
    0x080001ea   0x080001ea   0x00000002   PAD
    0x080001ec   0x080001ec   0x0000001c   Code   RO         1083    !!handler_zi        c_w.l(__scatter_zi.o)
    0x08000208   0x08000208   0x00000000   Code   RO          840    .ARM.Collect$$_printf_percent$$00000000  c_w.l(_printf_percent.o)
    0x08000208   0x08000208   0x00000006   Code   RO          839    .ARM.Collect$$_printf_percent$$00000009  c_w.l(_printf_d.o)
    0x0800020e   0x0800020e   0x00000004   Code   RO          889    .ARM.Collect$$_printf_percent$$00000017  c_w.l(_printf_percent_end.o)
    0x08000212   0x08000212   0x00000002   Code   RO         1014    .ARM.Collect$$libinit$$00000000  c_w.l(libinit.o)
    0x08000214   0x08000214   0x00000004   Code   RO          894    .ARM.Collect$$libinit$$00000001  c_w.l(libinit2.o)
    0x08000218   0x08000218   0x00000000   Code   RO          897    .ARM.Collect$$libinit$$00000004  c_w.l(libinit2.o)
    0x08000218   0x08000218   0x00000000   Code   RO          899    .ARM.Collect$$libinit$$00000006  c_w.l(libinit2.o)
    0x08000218   0x08000218   0x00000008   Code   RO          900    .ARM.Collect$$libinit$$00000007  c_w.l(libinit2.o)
    0x08000220   0x08000220   0x00000000   Code   RO          902    .ARM.Collect$$libinit$$0000000C  c_w.l(libinit2.o)
    0x08000220   0x08000220   0x00000000   Code   RO          904    .ARM.Collect$$libinit$$0000000E  c_w.l(libinit2.o)
    0x08000220   0x08000220   0x00000000   Code   RO          906    .ARM.Collect$$libinit$$00000010  c_w.l(libinit2.o)
    0x08000220   0x08000220   0x00000000   Code   RO          909    .ARM.Collect$$libinit$$00000013  c_w.l(libinit2.o)
    0x08000220   0x08000220   0x00000000   Code   RO          911    .ARM.Collect$$libinit$$00000015  c_w.l(libinit2.o)
    0x08000220   0x08000220   0x00000000   Code   RO          913    .ARM.Collect$$libinit$$00000017  c_w.l(libinit2.o)
    0x08000220   0x08000220   0x00000000   Code   RO          915    .ARM.Collect$$libinit$$00000019  c_w.l(libinit2.o)
    0x08000220   0x08000220   0x00000000   Code   RO          917    .ARM.Collect$$libinit$$0000001B  c_w.l(libinit2.o)
    0x08000220   0x08000220   0x00000000   Code   RO          919    .ARM.Collect$$libinit$$0000001D  c_w.l(libinit2.o)
    0x08000220   0x08000220   0x00000000   Code   RO          921    .ARM.Collect$$libinit$$0000001F  c_w.l(libinit2.o)
    0x08000220   0x08000220   0x00000000   Code   RO          923    .ARM.Collect$$libinit$$00000021  c_w.l(libinit2.o)
    0x08000220   0x08000220   0x00000000   Code   RO          925    .ARM.Collect$$libinit$$00000023  c_w.l(libinit2.o)
    0x08000220   0x08000220   0x00000000   Code   RO          927    .ARM.Collect$$libinit$$00000025  c_w.l(libinit2.o)
    0x08000220   0x08000220   0x00000000   Code   RO          929    .ARM.Collect$$libinit$$00000027  c_w.l(libinit2.o)
    0x08000220   0x08000220   0x00000000   Code   RO          933    .ARM.Collect$$libinit$$0000002E  c_w.l(libinit2.o)
    0x08000220   0x08000220   0x00000000   Code   RO          935    .ARM.Collect$$libinit$$00000030  c_w.l(libinit2.o)
    0x08000220   0x08000220   0x00000000   Code   RO          937    .ARM.Collect$$libinit$$00000032  c_w.l(libinit2.o)
    0x08000220   0x08000220   0x00000000   Code   RO          939    .ARM.Collect$$libinit$$00000034  c_w.l(libinit2.o)
    0x08000220   0x08000220   0x00000002   Code   RO          940    .ARM.Collect$$libinit$$00000035  c_w.l(libinit2.o)
    0x08000222   0x08000222   0x00000002   Code   RO         1076    .ARM.Collect$$libshutdown$$00000000  c_w.l(libshutdown.o)
    0x08000224   0x08000224   0x00000000   Code   RO         1032    .ARM.Collect$$libshutdown$$00000002  c_w.l(libshutdown2.o)
    0x08000224   0x08000224   0x00000000   Code   RO         1034    .ARM.Collect$$libshutdown$$00000004  c_w.l(libshutdown2.o)
    0x08000224   0x08000224   0x00000000   Code   RO         1037    .ARM.Collect$$libshutdown$$00000007  c_w.l(libshutdown2.o)
    0x08000224   0x08000224   0x00000000   Code   RO         1040    .ARM.Collect$$libshutdown$$0000000A  c_w.l(libshutdown2.o)
    0x08000224   0x08000224   0x00000000   Code   RO         1042    .ARM.Collect$$libshutdown$$0000000C  c_w.l(libshutdown2.o)
    0x08000224   0x08000224   0x00000000   Code   RO         1045    .ARM.Collect$$libshutdown$$0000000F  c_w.l(libshutdown2.o)
    0x08000224   0x08000224   0x00000002   Code   RO         1046    .ARM.Collect$$libshutdown$$00000010  c_w.l(libshutdown2.o)
    0x08000226   0x08000226   0x00000000   Code   RO          849    .ARM.Collect$$rtentry$$00000000  c_w.l(__rtentry.o)
    0x08000226   0x08000226   0x00000000   Code   RO          949    .ARM.Collect$$rtentry$$00000002  c_w.l(__rtentry2.o)
    0x08000226   0x08000226   0x00000006   Code   RO          961    .ARM.Collect$$rtentry$$00000004  c_w.l(__rtentry4.o)
    0x0800022c   0x0800022c   0x00000000   Code   RO          951    .ARM.Collect$$rtentry$$00000009  c_w.l(__rtentry2.o)
    0x0800022c   0x0800022c   0x00000004   Code   RO          952    .ARM.Collect$$rtentry$$0000000A  c_w.l(__rtentry2.o)
    0x08000230   0x08000230   0x00000000   Code   RO          954    .ARM.Collect$$rtentry$$0000000C  c_w.l(__rtentry2.o)
    0x08000230   0x08000230   0x00000008   Code   RO          955    .ARM.Collect$$rtentry$$0000000D  c_w.l(__rtentry2.o)
    0x08000238   0x08000238   0x00000002   Code   RO         1019    .ARM.Collect$$rtexit$$00000000  c_w.l(rtexit.o)
    0x0800023a   0x0800023a   0x00000000   Code   RO         1052    .ARM.Collect$$rtexit$$00000002  c_w.l(rtexit2.o)
    0x0800023a   0x0800023a   0x00000004   Code   RO         1053    .ARM.Collect$$rtexit$$00000003  c_w.l(rtexit2.o)
    0x0800023e   0x0800023e   0x00000006   Code   RO         1054    .ARM.Collect$$rtexit$$00000004  c_w.l(rtexit2.o)
    0x08000244   0x08000244   0x00000040   Code   RO            4    .text               startup_stm32f401xe.o
    0x08000284   0x08000284   0x0000005e   Code   RO          753    .text               c_w.l(h1_alloc.o)
    0x080002e2   0x080002e2   0x000000f0   Code   RO          807    .text               c_w.l(lludivv7m.o)
    0x080003d2   0x080003d2   0x00000002   PAD
    0x080003d4   0x080003d4   0x00000028   Code   RO          811    .text               c_w.l(noretval__2sprintf.o)
    0x080003fc   0x080003fc   0x0000004e   Code   RO          815    .text               c_w.l(_printf_pad.o)
    0x0800044a   0x0800044a   0x00000002   PAD
    0x0800044c   0x0800044c   0x00000078   Code   RO          817    .text               c_w.l(_printf_dec.o)
    0x080004c4   0x080004c4   0x00000138   Code   RO          831    .text               c_w.l(__printf_flags_wp.o)
    0x080005fc   0x080005fc   0x0000004e   Code   RO          841    .text               c_w.l(rt_memclr_w.o)
    0x0800064a   0x0800064a   0x00000006   Code   RO          843    .text               c_w.l(heapauxi.o)
    0x08000650   0x08000650   0x00000008   Code   RO          857    .text               c_w.l(rt_heap_descriptor_intlibspace.o)
    0x08000658   0x08000658   0x00000004   Code   RO          859    .text               c_w.l(hguard.o)
    0x0800065c   0x0800065c   0x0000008a   Code   RO          861    .text               c_w.l(init_alloc.o)
    0x080006e6   0x080006e6   0x0000000e   Code   RO          867    .text               c_w.l(h1_init.o)
    0x080006f4   0x080006f4   0x0000004e   Code   RO          869    .text               c_w.l(h1_free.o)
    0x08000742   0x08000742   0x000000b2   Code   RO          883    .text               c_w.l(_printf_intcommon.o)
    0x080007f4   0x080007f4   0x00000030   Code   RO          885    .text               c_w.l(_printf_char_common.o)
    0x08000824   0x08000824   0x0000000a   Code   RO          887    .text               c_w.l(_sputc.o)
    0x0800082e   0x0800082e   0x00000002   PAD
    0x08000830   0x08000830   0x00000008   Code   RO          945    .text               c_w.l(libspace.o)
    0x08000838   0x08000838   0x00000000   Code   RO          967    .text               c_w.l(maybetermalloc1.o)
    0x08000838   0x08000838   0x00000034   Code   RO          969    .text               c_w.l(h1_extend.o)
    0x0800086c   0x0800086c   0x0000000e   Code   RO          975    .text               c_w.l(defsig_rtmem_outer.o)
    0x0800087a   0x0800087a   0x00000002   Code   RO          986    .text               c_w.l(use_no_semi.o)
    0x0800087c   0x0800087c   0x00000000   Code   RO          988    .text               c_w.l(indicate_semi.o)
    0x0800087c   0x0800087c   0x0000004a   Code   RO          989    .text               c_w.l(sys_stackheap_outer.o)
    0x080008c6   0x080008c6   0x00000012   Code   RO          995    .text               c_w.l(exit.o)
    0x080008d8   0x080008d8   0x0000000a   Code   RO          997    .text               c_w.l(defsig_exit.o)
    0x080008e2   0x080008e2   0x00000002   PAD
    0x080008e4   0x080008e4   0x00000050   Code   RO         1003    .text               c_w.l(defsig_rtmem_inner.o)
    0x08000934   0x08000934   0x0000000c   Code   RO         1015    .text               c_w.l(sys_exit.o)
    0x08000940   0x08000940   0x00000032   Code   RO         1027    .text               c_w.l(defsig_general.o)
    0x08000972   0x08000972   0x0000000e   Code   RO         1047    .text               c_w.l(sys_wrch.o)
    0x08000980   0x08000980   0x00000002   Code   RO           90    .text.BusFault_Handler  stm32f4xx_it.o
    0x08000982   0x08000982   0x00000002   PAD
    0x08000984   0x08000984   0x00000002   Code   RO           96    .text.DebugMon_Handler  stm32f4xx_it.o
    0x08000986   0x08000986   0x00000002   PAD
    0x08000988   0x08000988   0x00000146   Code   RO          169    .text.HAL_ADC_ConfigChannel  stm32f4xx_hal_adc.o
    0x08000ace   0x08000ace   0x00000002   PAD
    0x08000ad0   0x08000ad0   0x00000006   Code   RO          165    .text.HAL_ADC_GetValue  stm32f4xx_hal_adc.o
    0x08000ad6   0x08000ad6   0x00000002   PAD
    0x08000ad8   0x08000ad8   0x0000015e   Code   RO          127    .text.HAL_ADC_Init  stm32f4xx_hal_adc.o
    0x08000c36   0x08000c36   0x00000002   PAD
    0x08000c38   0x08000c38   0x00000064   Code   RO          111    .text.HAL_ADC_MspInit  stm32f4xx_hal_msp.o
    0x08000c9c   0x08000c9c   0x000000fc   Code   RO          139    .text.HAL_ADC_PollForConversion  stm32f4xx_hal_adc.o
    0x08000d98   0x08000d98   0x0000010a   Code   RO          135    .text.HAL_ADC_Start  stm32f4xx_hal_adc.o
    0x08000ea2   0x08000ea2   0x00000002   PAD
    0x08000ea4   0x08000ea4   0x00000032   Code   RO          137    .text.HAL_ADC_Stop  stm32f4xx_hal_adc.o
    0x08000ed6   0x08000ed6   0x00000002   PAD
    0x08000ed8   0x08000ed8   0x00000028   Code   RO          549    .text.HAL_Delay     stm32f4xx_hal.o
    0x08000f00   0x08000f00   0x000001a6   Code   RO          342    .text.HAL_GPIO_Init  stm32f4xx_hal_gpio.o
    0x080010a6   0x080010a6   0x00000002   PAD
    0x080010a8   0x080010a8   0x0000000a   Code   RO          346    .text.HAL_GPIO_ReadPin  stm32f4xx_hal_gpio.o
    0x080010b2   0x080010b2   0x00000002   PAD
    0x080010b4   0x080010b4   0x00000010   Code   RO          350    .text.HAL_GPIO_TogglePin  stm32f4xx_hal_gpio.o
    0x080010c4   0x080010c4   0x0000000a   Code   RO          348    .text.HAL_GPIO_WritePin  stm32f4xx_hal_gpio.o
    0x080010ce   0x080010ce   0x00000002   PAD
    0x080010d0   0x080010d0   0x0000000c   Code   RO          541    .text.HAL_GetTick   stm32f4xx_hal.o
    0x080010dc   0x080010dc   0x0000001a   Code   RO          539    .text.HAL_IncTick   stm32f4xx_hal.o
    0x080010f6   0x080010f6   0x00000002   PAD
    0x080010f8   0x080010f8   0x00000036   Code   RO          529    .text.HAL_Init      stm32f4xx_hal.o
    0x0800112e   0x0800112e   0x00000002   PAD
    0x08001130   0x08001130   0x00000048   Code   RO          531    .text.HAL_InitTick  stm32f4xx_hal.o
    0x08001178   0x08001178   0x00000038   Code   RO          109    .text.HAL_MspInit   stm32f4xx_hal_msp.o
    0x080011b0   0x080011b0   0x00000056   Code   RO          485    .text.HAL_NVIC_SetPriority  stm32f4xx_hal_cortex.o
    0x08001206   0x08001206   0x00000002   PAD
    0x08001208   0x08001208   0x00000020   Code   RO          483    .text.HAL_NVIC_SetPriorityGrouping  stm32f4xx_hal_cortex.o
    0x08001228   0x08001228   0x00000160   Code   RO          228    .text.HAL_RCC_ClockConfig  stm32f4xx_hal_rcc.o
    0x08001388   0x08001388   0x0000006a   Code   RO          230    .text.HAL_RCC_GetSysClockFreq  stm32f4xx_hal_rcc.o
    0x080013f2   0x080013f2   0x00000002   PAD
    0x080013f4   0x080013f4   0x00000374   Code   RO          226    .text.HAL_RCC_OscConfig  stm32f4xx_hal_rcc.o
    0x08001768   0x08001768   0x000000b4   Code   RO          619    .text.HAL_SPI_Init  stm32f4xx_hal_spi.o
    0x0800181c   0x0800181c   0x0000006c   Code   RO          115    .text.HAL_SPI_MspInit  stm32f4xx_hal_msp.o
    0x08001888   0x08001888   0x00000252   Code   RO          627    .text.HAL_SPI_Transmit  stm32f4xx_hal_spi.o
    0x08001ada   0x08001ada   0x00000002   PAD
    0x08001adc   0x08001adc   0x0000002c   Code   RO          495    .text.HAL_SYSTICK_Config  stm32f4xx_hal_cortex.o
    0x08001b08   0x08001b08   0x00000002   Code   RO           86    .text.HardFault_Handler  stm32f4xx_it.o
    0x08001b0a   0x08001b0a   0x00000002   PAD
    0x08001b0c   0x08001b0c   0x00000028   Code   RO           21    .text.LCD_Clear     lcd.o
    0x08001b34   0x08001b34   0x000000dc   Code   RO           17    .text.LCD_Cmd4bit   lcd.o
    0x08001c10   0x08001c10   0x0000013e   Code   RO           15    .text.LCD_Init      lcd.o
    0x08001d4e   0x08001d4e   0x00000002   PAD
    0x08001d50   0x08001d50   0x00000138   Code   RO           23    .text.LCD_Puts      lcd.o
    0x08001e88   0x08001e88   0x00000002   Code   RO           88    .text.MemManage_Handler  stm32f4xx_it.o
    0x08001e8a   0x08001e8a   0x00000002   PAD
    0x08001e8c   0x08001e8c   0x00000002   Code   RO           84    .text.NMI_Handler   stm32f4xx_it.o
    0x08001e8e   0x08001e8e   0x00000002   PAD
    0x08001e90   0x08001e90   0x00000002   Code   RO           98    .text.PendSV_Handler  stm32f4xx_it.o
    0x08001e92   0x08001e92   0x00000002   PAD
    0x08001e94   0x08001e94   0x000000e4   Code   RO          723    .text.SPI_WaitFlagStateUntilTimeout  stm32f4xx_hal_spi.o
    0x08001f78   0x08001f78   0x00000002   Code   RO           94    .text.SVC_Handler   stm32f4xx_it.o
    0x08001f7a   0x08001f7a   0x00000002   PAD
    0x08001f7c   0x08001f7c   0x00000004   Code   RO          100    .text.SysTick_Handler  stm32f4xx_it.o
    0x08001f80   0x08001f80   0x00000012   Code   RO          735    .text.SystemInit    system_stm32f4xx.o
    0x08001f92   0x08001f92   0x00000002   PAD
    0x08001f94   0x08001f94   0x00000002   Code   RO           92    .text.UsageFault_Handler  stm32f4xx_it.o
    0x08001f96   0x08001f96   0x00000002   PAD
    0x08001f98   0x08001f98   0x000004d4   Code   RO           55    .text.main          main.o
    0x0800246c   0x0800246c   0x00000180   Code   RO           59    .text.read_keypad   main.o
    0x080025ec   0x080025ec   0x00000156   Code   RO           61    .text.read_one_from_keypad  main.o
    0x08002742   0x08002742   0x0000000e   Code   RO          829    i._is_digit         c_w.l(__printf_wp.o)
    0x08002750   0x08002750   0x0000001a   Code   RO          984    x$fpl$fpinit        fz_wm.l(fpinit.o)
    0x0800276a   0x0800276a   0x00000011   Data   RO          832    .constdata          c_w.l(__printf_flags_wp.o)
    0x0800277b   0x0800277b   0x00000001   PAD
    0x0800277c   0x0800277c   0x00000030   Data   RO           74    .rodata..L__const.read_keypad.key_pad_get  main.o
    0x080027ac   0x080027ac   0x00000010   Data   RO          740    .rodata.AHBPrescTable  system_stm32f4xx.o
    0x080027bc   0x080027bc   0x00000004   Data   RO           45    .rodata.cst4        lcd.o
    0x080027c0   0x080027c0   0x00000023   Data   RO           71    .rodata.str1.1      main.o
    0x080027e3   0x080027e3   0x00000001   PAD
    0x080027e4   0x080027e4   0x00000020   Data   RO         1078    Region$$Table       anon$$obj.o


    Execution Region RW_IRAM1 (Exec base: 0x20000000, Load base: 0x08002808, Size: 0x00000718, Max: 0x00018000, ABSOLUTE)

    Exec Addr    Load Addr    Size         Type   Attr      Idx    E Section Name        Object

    0x20000000   0x08002808   0x00000008   Data   RW          584    .data..L_MergedGlobals  stm32f4xx_hal.o
    0x20000008   0x08002810   0x00000004   Data   RW          739    .data.SystemCoreClock  system_stm32f4xx.o
    0x2000000c   0x08002814   0x00000004   PAD
    0x20000010        -       0x00000060   Zero   RW          946    .bss                c_w.l(libspace.o)
    0x20000070        -       0x00000003   Zero   RW           46    .bss..L_MergedGlobals  lcd.o
    0x20000073   0x08002814   0x00000001   PAD
    0x20000074        -       0x00000048   Zero   RW           73    .bss.hadc1          main.o
    0x200000bc        -       0x00000058   Zero   RW           72    .bss.hspi1          main.o
    0x20000114        -       0x00000004   Zero   RW          583    .bss.uwTick         stm32f4xx_hal.o
    0x20000118        -       0x00000200   Zero   RW            2    HEAP                startup_stm32f401xe.o
    0x20000318        -       0x00000400   Zero   RW            1    STACK               startup_stm32f401xe.o


==============================================================================

Image component sizes


      Code (inc. data)   RO Data    RW Data    ZI Data      Debug   Object Name

       890          0          4          0          3       8466   lcd.o
      1962        112         83          0        160      11681   main.o
        64         26        404          0       1536        864   startup_stm32f401xe.o
       204          0          0          8          4       6869   stm32f4xx_hal.o
      1250          0          0          0          0      11690   stm32f4xx_hal_adc.o
       162          0          0          0          0      10029   stm32f4xx_hal_cortex.o
       458          0          0          0          0       5322   stm32f4xx_hal_gpio.o
       264          0          0          0          0       6425   stm32f4xx_hal_msp.o
      1342          0          0          0          0       7427   stm32f4xx_hal_rcc.o
      1002          0          0          0          0      26057   stm32f4xx_hal_spi.o
        20          0          0          0          0       1169   stm32f4xx_it.o
        18          0         16          4          0       2720   system_stm32f4xx.o

    ----------------------------------------------------------------------
      7682        138        540         12       1708      98719   Object Totals
         0          0         32          0          0          0   (incl. Generated)
        46          0          1          0          5          0   (incl. Padding)

    ----------------------------------------------------------------------

      Code (inc. data)   RO Data    RW Data    ZI Data      Debug   Library Member Name

         8          0          0          0          0         68   __main.o
       312          4         17          0          0         92   __printf_flags_wp.o
        14          0          0          0          0         68   __printf_wp.o
         0          0          0          0          0          0   __rtentry.o
        12          0          0          0          0          0   __rtentry2.o
         6          0          0          0          0          0   __rtentry4.o
        52          8          0          0          0          0   __scatter.o
        26          0          0          0          0          0   __scatter_copy.o
        28          0          0          0          0          0   __scatter_zi.o
        48          6          0          0          0         96   _printf_char_common.o
         6          0          0          0          0          0   _printf_d.o
       120         16          0          0          0         92   _printf_dec.o
       178          0          0          0          0         88   _printf_intcommon.o
        78          0          0          0          0        108   _printf_pad.o
         0          0          0          0          0          0   _printf_percent.o
         4          0          0          0          0          0   _printf_percent_end.o
        10          0          0          0          0         68   _sputc.o
        10          0          0          0          0         68   defsig_exit.o
        50          0          0          0          0         88   defsig_general.o
        80         58          0          0          0         76   defsig_rtmem_inner.o
        14          0          0          0          0         80   defsig_rtmem_outer.o
        18          0          0          0          0         80   exit.o
        94          0          0          0          0         80   h1_alloc.o
        52          0          0          0          0         68   h1_extend.o
        78          0          0          0          0         80   h1_free.o
        14          0          0          0          0         84   h1_init.o
         6          0          0          0          0        152   heapauxi.o
         4          0          0          0          0        136   hguard.o
         0          0          0          0          0          0   indicate_semi.o
       138          0          0          0          0        168   init_alloc.o
         2          0          0          0          0          0   libinit.o
        14          0          0          0          0          0   libinit2.o
         2          0          0          0          0          0   libshutdown.o
         2          0          0          0          0          0   libshutdown2.o
         8          4          0          0         96         68   libspace.o
       240          0          0          0          0        100   lludivv7m.o
         0          0          0          0          0          0   maybetermalloc1.o
        40          6          0          0          0         84   noretval__2sprintf.o
         8          4          0          0          0         68   rt_heap_descriptor_intlibspace.o
        78          0          0          0          0         80   rt_memclr_w.o
         2          0          0          0          0          0   rtexit.o
        10          0          0          0          0          0   rtexit2.o
        12          4          0          0          0         68   sys_exit.o
        74          0          0          0          0         80   sys_stackheap_outer.o
        14          0          0          0          0         76   sys_wrch.o
         2          0          0          0          0         68   use_no_semi.o
        26          0          0          0          0        116   fpinit.o

    ----------------------------------------------------------------------
      2004        110         18          0         96       2648   Library Totals
        10          0          1          0          0          0   (incl. Padding)

    ----------------------------------------------------------------------

      Code (inc. data)   RO Data    RW Data    ZI Data      Debug   Library Name

      1968        110         17          0         96       2532   c_w.l
        26          0          0          0          0        116   fz_wm.l

    ----------------------------------------------------------------------
      2004        110         18          0         96       2648   Library Totals

    ----------------------------------------------------------------------

==============================================================================


      Code (inc. data)   RO Data    RW Data    ZI Data      Debug   

      9686        248        558         12       1804      99815   Grand Totals
      9686        248        558         12       1804      99815   ELF Image Totals
      9686        248        558         12          0          0   ROM Totals

==============================================================================

    Total RO  Size (Code + RO Data)                10244 (  10.00kB)
    Total RW  Size (RW Data + ZI Data)              1816 (   1.77kB)
    Total ROM Size (Code + RO Data + RW Data)      10256 (  10.02kB)

==============================================================================

